Archive member included to satisfy reference by file (symbol)

c:/st/stm32cubeide_1.4.0/stm32cubeide/plugins/com.st.stm32cube.ide.mcu.externaltools.gnu-tools-for-stm32.7-2018-q2-update.win32_1.4.0.202007081208/tools/bin/../lib/gcc/arm-none-eabi/7.3.1/../../../../arm-none-eabi/lib/thumb/v7e-m/fpv4-sp/hard\libc_nano.a(lib_a-errno.o)
                              Application/User/syscalls.o (__errno)
c:/st/stm32cubeide_1.4.0/stm32cubeide/plugins/com.st.stm32cube.ide.mcu.externaltools.gnu-tools-for-stm32.7-2018-q2-update.win32_1.4.0.202007081208/tools/bin/../lib/gcc/arm-none-eabi/7.3.1/../../../../arm-none-eabi/lib/thumb/v7e-m/fpv4-sp/hard\libc_nano.a(lib_a-exit.o)
                              c:/st/stm32cubeide_1.4.0/stm32cubeide/plugins/com.st.stm32cube.ide.mcu.externaltools.gnu-tools-for-stm32.7-2018-q2-update.win32_1.4.0.202007081208/tools/bin/../lib/gcc/arm-none-eabi/7.3.1/../../../../arm-none-eabi/lib/thumb/v7e-m/fpv4-sp/hard/crt0.o (exit)
c:/st/stm32cubeide_1.4.0/stm32cubeide/plugins/com.st.stm32cube.ide.mcu.externaltools.gnu-tools-for-stm32.7-2018-q2-update.win32_1.4.0.202007081208/tools/bin/../lib/gcc/arm-none-eabi/7.3.1/../../../../arm-none-eabi/lib/thumb/v7e-m/fpv4-sp/hard\libc_nano.a(lib_a-getchar.o)
                              Application/User/main.o (getchar)
c:/st/stm32cubeide_1.4.0/stm32cubeide/plugins/com.st.stm32cube.ide.mcu.externaltools.gnu-tools-for-stm32.7-2018-q2-update.win32_1.4.0.202007081208/tools/bin/../lib/gcc/arm-none-eabi/7.3.1/../../../../arm-none-eabi/lib/thumb/v7e-m/fpv4-sp/hard\libc_nano.a(lib_a-gets.o)
                              Application/User/main.o (gets)
c:/st/stm32cubeide_1.4.0/stm32cubeide/plugins/com.st.stm32cube.ide.mcu.externaltools.gnu-tools-for-stm32.7-2018-q2-update.win32_1.4.0.202007081208/tools/bin/../lib/gcc/arm-none-eabi/7.3.1/../../../../arm-none-eabi/lib/thumb/v7e-m/fpv4-sp/hard\libc_nano.a(lib_a-impure.o)
                              c:/st/stm32cubeide_1.4.0/stm32cubeide/plugins/com.st.stm32cube.ide.mcu.externaltools.gnu-tools-for-stm32.7-2018-q2-update.win32_1.4.0.202007081208/tools/bin/../lib/gcc/arm-none-eabi/7.3.1/../../../../arm-none-eabi/lib/thumb/v7e-m/fpv4-sp/hard\libc_nano.a(lib_a-exit.o) (_global_impure_ptr)
c:/st/stm32cubeide_1.4.0/stm32cubeide/plugins/com.st.stm32cube.ide.mcu.externaltools.gnu-tools-for-stm32.7-2018-q2-update.win32_1.4.0.202007081208/tools/bin/../lib/gcc/arm-none-eabi/7.3.1/../../../../arm-none-eabi/lib/thumb/v7e-m/fpv4-sp/hard\libc_nano.a(lib_a-init.o)
                              c:/st/stm32cubeide_1.4.0/stm32cubeide/plugins/com.st.stm32cube.ide.mcu.externaltools.gnu-tools-for-stm32.7-2018-q2-update.win32_1.4.0.202007081208/tools/bin/../lib/gcc/arm-none-eabi/7.3.1/../../../../arm-none-eabi/lib/thumb/v7e-m/fpv4-sp/hard/crt0.o (__libc_init_array)
c:/st/stm32cubeide_1.4.0/stm32cubeide/plugins/com.st.stm32cube.ide.mcu.externaltools.gnu-tools-for-stm32.7-2018-q2-update.win32_1.4.0.202007081208/tools/bin/../lib/gcc/arm-none-eabi/7.3.1/../../../../arm-none-eabi/lib/thumb/v7e-m/fpv4-sp/hard\libc_nano.a(lib_a-malloc.o)
                              Application/User/flash_l4.o (malloc)
c:/st/stm32cubeide_1.4.0/stm32cubeide/plugins/com.st.stm32cube.ide.mcu.externaltools.gnu-tools-for-stm32.7-2018-q2-update.win32_1.4.0.202007081208/tools/bin/../lib/gcc/arm-none-eabi/7.3.1/../../../../arm-none-eabi/lib/thumb/v7e-m/fpv4-sp/hard\libc_nano.a(lib_a-memcmp.o)
                              Application/WiFi/es_wifi.o (memcmp)
c:/st/stm32cubeide_1.4.0/stm32cubeide/plugins/com.st.stm32cube.ide.mcu.externaltools.gnu-tools-for-stm32.7-2018-q2-update.win32_1.4.0.202007081208/tools/bin/../lib/gcc/arm-none-eabi/7.3.1/../../../../arm-none-eabi/lib/thumb/v7e-m/fpv4-sp/hard\libc_nano.a(lib_a-memcpy-stub.o)
                              Application/User/flash_l4.o (memcpy)
c:/st/stm32cubeide_1.4.0/stm32cubeide/plugins/com.st.stm32cube.ide.mcu.externaltools.gnu-tools-for-stm32.7-2018-q2-update.win32_1.4.0.202007081208/tools/bin/../lib/gcc/arm-none-eabi/7.3.1/../../../../arm-none-eabi/lib/thumb/v7e-m/fpv4-sp/hard\libc_nano.a(lib_a-memset.o)
                              c:/st/stm32cubeide_1.4.0/stm32cubeide/plugins/com.st.stm32cube.ide.mcu.externaltools.gnu-tools-for-stm32.7-2018-q2-update.win32_1.4.0.202007081208/tools/bin/../lib/gcc/arm-none-eabi/7.3.1/../../../../arm-none-eabi/lib/thumb/v7e-m/fpv4-sp/hard/crt0.o (memset)
c:/st/stm32cubeide_1.4.0/stm32cubeide/plugins/com.st.stm32cube.ide.mcu.externaltools.gnu-tools-for-stm32.7-2018-q2-update.win32_1.4.0.202007081208/tools/bin/../lib/gcc/arm-none-eabi/7.3.1/../../../../arm-none-eabi/lib/thumb/v7e-m/fpv4-sp/hard\libc_nano.a(lib_a-nano-freer.o)
                              c:/st/stm32cubeide_1.4.0/stm32cubeide/plugins/com.st.stm32cube.ide.mcu.externaltools.gnu-tools-for-stm32.7-2018-q2-update.win32_1.4.0.202007081208/tools/bin/../lib/gcc/arm-none-eabi/7.3.1/../../../../arm-none-eabi/lib/thumb/v7e-m/fpv4-sp/hard\libc_nano.a(lib_a-malloc.o) (_free_r)
[...]
Memory Configuration

Name             Origin             Length             Attributes
RAM              0x0000000020000000 0x0000000000018000 xrw
SRAM2            0x0000000010000000 0x0000000000008000 xrw
ROM              0x0000000008000000 0x0000000000100000 xr
FLASH_UC         0x00000000080ff000 0x0000000000000800 r
*default*        0x0000000000000000 0xffffffffffffffff

Linker script and memory map

LOAD c:/st/stm32cubeide_1.4.0/stm32cubeide/plugins/com.st.stm32cube.ide.mcu.externaltools.gnu-tools-for-stm32.7-2018-q2-update.win32_1.4.0.202007081208/tools/bin/../lib/gcc/arm-none-eabi/7.3.1/thumb/v7e-m/fpv4-sp/hard/crti.o
LOAD c:/st/stm32cubeide_1.4.0/stm32cubeide/plugins/com.st.stm32cube.ide.mcu.externaltools.gnu-tools-for-stm32.7-2018-q2-update.win32_1.4.0.202007081208/tools/bin/../lib/gcc/arm-none-eabi/7.3.1/thumb/v7e-m/fpv4-sp/hard/crtbegin.o
LOAD c:/st/stm32cubeide_1.4.0/stm32cubeide/plugins/com.st.stm32cube.ide.mcu.externaltools.gnu-tools-for-stm32.7-2018-q2-update.win32_1.4.0.202007081208/tools/bin/../lib/gcc/arm-none-eabi/7.3.1/../../../../arm-none-eabi/lib/thumb/v7e-m/fpv4-sp/hard/crt0.o
LOAD Application/Startup/startup_stm32l4s5vitx.o
LOAD Application/User/flash_l4.o
LOAD Application/User/main.o
LOAD Application/User/stm32l4xx_it.o
LOAD Application/User/syscalls.o
LOAD Application/User/sysmem.o
LOAD Application/User/system_stm32l4xx.o
LOAD Application/WiFi/es_wifi.o
LOAD Application/WiFi/es_wifi_io.o
LOAD Application/WiFi/wifi.o
LOAD Drivers/BSP/Components/HTS221/hts221.o
LOAD Drivers/BSP/stm32l4s5i_iot01.o
LOAD Drivers/BSP/stm32l4s5i_iot01_tsensor.o
LOAD Drivers/STM32L4xx_HAL_Driver/stm32l4xx_hal.o
LOAD Drivers/STM32L4xx_HAL_Driver/stm32l4xx_hal_adc.o
LOAD Drivers/STM32L4xx_HAL_Driver/stm32l4xx_hal_adc_ex.o
LOAD Drivers/STM32L4xx_HAL_Driver/stm32l4xx_hal_cortex.o
LOAD Drivers/STM32L4xx_HAL_Driver/stm32l4xx_hal_dma.o
LOAD Drivers/STM32L4xx_HAL_Driver/stm32l4xx_hal_dma_ex.o
LOAD Drivers/STM32L4xx_HAL_Driver/stm32l4xx_hal_flash.o
LOAD Drivers/STM32L4xx_HAL_Driver/stm32l4xx_hal_flash_ex.o
LOAD Drivers/STM32L4xx_HAL_Driver/stm32l4xx_hal_gpio.o
LOAD Drivers/STM32L4xx_HAL_Driver/stm32l4xx_hal_i2c.o
LOAD Drivers/STM32L4xx_HAL_Driver/stm32l4xx_hal_i2c_ex.o
LOAD Drivers/STM32L4xx_HAL_Driver/stm32l4xx_hal_pwr.o
LOAD Drivers/STM32L4xx_HAL_Driver/stm32l4xx_hal_pwr_ex.o
LOAD Drivers/STM32L4xx_HAL_Driver/stm32l4xx_hal_rcc.o
LOAD Drivers/STM32L4xx_HAL_Driver/stm32l4xx_hal_rcc_ex.o
LOAD Drivers/STM32L4xx_HAL_Driver/stm32l4xx_hal_spi.o
LOAD Drivers/STM32L4xx_HAL_Driver/stm32l4xx_hal_spi_ex.o
LOAD Drivers/STM32L4xx_HAL_Driver/stm32l4xx_hal_uart.o
LOAD Drivers/STM32L4xx_HAL_Driver/stm32l4xx_hal_uart_ex.o
START GROUP
LOAD c:/st/stm32cubeide_1.4.0/stm32cubeide/plugins/com.st.stm32cube.ide.mcu.externaltools.gnu-tools-for-stm32.7-2018-q2-update.win32_1.4.0.202007081208/tools/bin/../lib/gcc/arm-none-eabi/7.3.1/../../../../arm-none-eabi/lib/thumb/v7e-m/fpv4-sp/hard\libc_nano.a
LOAD c:/st/stm32cubeide_1.4.0/stm32cubeide/plugins/com.st.stm32cube.ide.mcu.externaltools.gnu-tools-for-stm32.7-2018-q2-update.win32_1.4.0.202007081208/tools/bin/../lib/gcc/arm-none-eabi/7.3.1/../../../../arm-none-eabi/lib/thumb/v7e-m/fpv4-sp/hard\libm.a
END GROUP
START GROUP
LOAD c:/st/stm32cubeide_1.4.0/stm32cubeide/plugins/com.st.stm32cube.ide.mcu.externaltools.gnu-tools-for-stm32.7-2018-q2-update.win32_1.4.0.202007081208/tools/bin/../lib/gcc/arm-none-eabi/7.3.1/thumb/v7e-m/fpv4-sp/hard\libgcc.a
LOAD c:/st/stm32cubeide_1.4.0/stm32cubeide/plugins/com.st.stm32cube.ide.mcu.externaltools.gnu-tools-for-stm32.7-2018-q2-update.win32_1.4.0.202007081208/tools/bin/../lib/gcc/arm-none-eabi/7.3.1/../../../../arm-none-eabi/lib/thumb/v7e-m/fpv4-sp/hard\libc_nano.a
END GROUP
START GROUP
LOAD c:/st/stm32cubeide_1.4.0/stm32cubeide/plugins/com.st.stm32cube.ide.mcu.externaltools.gnu-tools-for-stm32.7-2018-q2-update.win32_1.4.0.202007081208/tools/bin/../lib/gcc/arm-none-eabi/7.3.1/thumb/v7e-m/fpv4-sp/hard\libgcc.a
LOAD c:/st/stm32cubeide_1.4.0/stm32cubeide/plugins/com.st.stm32cube.ide.mcu.externaltools.gnu-tools-for-stm32.7-2018-q2-update.win32_1.4.0.202007081208/tools/bin/../lib/gcc/arm-none-eabi/7.3.1/../../../../arm-none-eabi/lib/thumb/v7e-m/fpv4-sp/hard\libc_nano.a
LOAD c:/st/stm32cubeide_1.4.0/stm32cubeide/plugins/com.st.stm32cube.ide.mcu.externaltools.gnu-tools-for-stm32.7-2018-q2-update.win32_1.4.0.202007081208/tools/bin/../lib/gcc/arm-none-eabi/7.3.1/../../../../arm-none-eabi/lib/thumb/v7e-m/fpv4-sp/hard\libnosys.a
END GROUP
START GROUP
LOAD c:/st/stm32cubeide_1.4.0/stm32cubeide/plugins/com.st.stm32cube.ide.mcu.externaltools.gnu-tools-for-stm32.7-2018-q2-update.win32_1.4.0.202007081208/tools/bin/../lib/gcc/arm-none-eabi/7.3.1/thumb/v7e-m/fpv4-sp/hard\libgcc.a
LOAD c:/st/stm32cubeide_1.4.0/stm32cubeide/plugins/com.st.stm32cube.ide.mcu.externaltools.gnu-tools-for-stm32.7-2018-q2-update.win32_1.4.0.202007081208/tools/bin/../lib/gcc/arm-none-eabi/7.3.1/../../../../arm-none-eabi/lib/thumb/v7e-m/fpv4-sp/hard\libc_nano.a
LOAD c:/st/stm32cubeide_1.4.0/stm32cubeide/plugins/com.st.stm32cube.ide.mcu.externaltools.gnu-tools-for-stm32.7-2018-q2-update.win32_1.4.0.202007081208/tools/bin/../lib/gcc/arm-none-eabi/7.3.1/../../../../arm-none-eabi/lib/thumb/v7e-m/fpv4-sp/hard\libnosys.a
END GROUP
LOAD c:/st/stm32cubeide_1.4.0/stm32cubeide/plugins/com.st.stm32cube.ide.mcu.externaltools.gnu-tools-for-stm32.7-2018-q2-update.win32_1.4.0.202007081208/tools/bin/../lib/gcc/arm-none-eabi/7.3.1/thumb/v7e-m/fpv4-sp/hard/crtend.o
LOAD c:/st/stm32cubeide_1.4.0/stm32cubeide/plugins/com.st.stm32cube.ide.mcu.externaltools.gnu-tools-for-stm32.7-2018-q2-update.win32_1.4.0.202007081208/tools/bin/../lib/gcc/arm-none-eabi/7.3.1/thumb/v7e-m/fpv4-sp/hard/crtn.o
                0x0000000020018000                _estack = (ORIGIN (RAM) + LENGTH (RAM))
                0x0000000000010000                _Min_Heap_Size = 0x10000
                0x0000000000007f00                _Min_Stack_Size = 0x7f00

.isr_vector     0x0000000008000000      0x1bc
                0x0000000008000000                . = ALIGN (0x4)
 *(.isr_vector)
 .isr_vector    0x0000000008000000      0x1bc Application/Startup/startup_stm32l4s5vitx.o
                0x0000000008000000                g_pfnVectors
                0x00000000080001bc                . = ALIGN (0x4)

UNINIT_FIXED_LOC
                0x00000000080ff000       0xd8
 *(UNINIT_FIXED_LOC)
 UNINIT_FIXED_LOC
                0x00000000080ff000       0xd8 Application/User/main.o
                0x00000000080ff000                __uninited_region_start__

.text           0x00000000080001c0     0x9b14
                0x00000000080001c0                . = ALIGN (0x4)
 *(.text)
 .text          0x00000000080001c0       0x40 c:/st/stm32cubeide_1.4.0/stm32cubeide/plugins/com.st.stm32cube.ide.mcu.externaltools.gnu-tools-for-stm32.7-2018-q2-update.win32_1.4.0.202007081208/tools/bin/../lib/gcc/arm-none-eabi/7.3.1/thumb/v7e-m/fpv4-sp/hard/crtbegin.o
 .text          0x0000000008000200       0x10 c:/st/stm32cubeide_1.4.0/stm32cubeide/plugins/com.st.stm32cube.ide.mcu.externaltools.gnu-tools-for-stm32.7-2018-q2-update.win32_1.4.0.202007081208/tools/bin/../lib/gcc/arm-none-eabi/7.3.1/../../../../arm-none-eabi/lib/thumb/v7e-m/fpv4-sp/hard\libc_nano.a(lib_a-strlen.o)
                0x0000000008000200                strlen
 .text          0x0000000008000210       0xa0 c:/st/stm32cubeide_1.4.0/stm32cubeide/plugins/com.st.stm32cube.ide.mcu.externaltools.gnu-tools-for-stm32.7-2018-q2-update.win32_1.4.0.202007081208/tools/bin/../lib/gcc/arm-none-eabi/7.3.1/../../../../arm-none-eabi/lib/thumb/v7e-m/fpv4-sp/hard\libc_nano.a(lib_a-memchr.o)
                0x0000000008000210                memchr
 .text          0x00000000080002b0       0x30 c:/st/stm32cubeide_1.4.0/stm32cubeide/plugins/com.st.stm32cube.ide.mcu.externaltools.gnu-tools-for-stm32.7-2018-q2-update.win32_1.4.0.202007081208/tools/bin/../lib/gcc/arm-none-eabi/7.3.1/thumb/v7e-m/fpv4-sp/hard\libgcc.a(_aeabi_uldivmod.o)
                0x00000000080002b0                __aeabi_uldivmod
 .text          0x00000000080002e0      0x2cc c:/st/stm32cubeide_1.4.0/stm32cubeide/plugins/com.st.stm32cube.ide.mcu.externaltools.gnu-tools-for-stm32.7-2018-q2-update.win32_1.4.0.202007081208/tools/bin/../lib/gcc/arm-none-eabi/7.3.1/thumb/v7e-m/fpv4-sp/hard\libgcc.a(_udivmoddi4.o)
                0x00000000080002e0                __udivmoddi4
 .text          0x00000000080005ac        0x4 c:/st/stm32cubeide_1.4.0/stm32cubeide/plugins/com.st.stm32cube.ide.mcu.externaltools.gnu-tools-for-stm32.7-2018-q2-update.win32_1.4.0.202007081208/tools/bin/../lib/gcc/arm-none-eabi/7.3.1/thumb/v7e-m/fpv4-sp/hard\libgcc.a(_dvmd_tls.o)
                0x00000000080005ac                __aeabi_idiv0
                0x00000000080005ac                __aeabi_ldiv0
 *(.text*)
 .text.Reset_Handler
                0x00000000080005b0       0x50 Application/Startup/startup_stm32l4s5vitx.o
                0x00000000080005b0                Reset_Handler
 .text.Default_Handler
                0x0000000008000600        0x2 Application/Startup/startup_stm32l4s5vitx.o
                0x0000000008000600                RTC_Alarm_IRQHandler
                0x0000000008000600                EXTI2_IRQHandler
                0x0000000008000600                TIM8_TRG_COM_IRQHandler
                0x0000000008000600                TIM8_CC_IRQHandler
                0x0000000008000600                TIM1_CC_IRQHandler
                0x0000000008000600                TSC_IRQHandler
                0x0000000008000600                TAMP_STAMP_IRQHandler
                0x0000000008000600                EXTI3_IRQHandler
                0x0000000008000600                LPTIM2_IRQHandler
                0x0000000008000600                DFSDM1_FLT1_IRQHandler
                0x0000000008000600                GFXMMU_IRQHandler
                0x0000000008000600                I2C3_ER_IRQHandler
                0x0000000008000600                DFSDM1_FLT2_IRQHandler
                0x0000000008000600                EXTI0_IRQHandler
                0x0000000008000600                I2C2_EV_IRQHandler
                0x0000000008000600                CAN1_RX0_IRQHandler
                0x0000000008000600                FPU_IRQHandler
                0x0000000008000600                TIM1_UP_TIM16_IRQHandler
                0x0000000008000600                LTDC_ER_IRQHandler
                0x0000000008000600                SPI1_IRQHandler
                0x0000000008000600                OCTOSPI1_IRQHandler
                0x0000000008000600                TIM6_DAC_IRQHandler
                0x0000000008000600                DCMI_IRQHandler
                0x0000000008000600                TIM8_UP_IRQHandler
                0x0000000008000600                OCTOSPI2_IRQHandler
                0x0000000008000600                DMA2_Channel2_IRQHandler
                0x0000000008000600                DMA1_Channel4_IRQHandler
                0x0000000008000600                SAI2_IRQHandler
                0x0000000008000600                ADC1_IRQHandler
                0x0000000008000600                DFSDM1_FLT3_IRQHandler
                0x0000000008000600                USART3_IRQHandler
                0x0000000008000600                DMA1_Channel7_IRQHandler
                0x0000000008000600                CAN1_RX1_IRQHandler
                0x0000000008000600                UART5_IRQHandler
                0x0000000008000600                TIM4_IRQHandler
                0x0000000008000600                DMA2_Channel1_IRQHandler
                0x0000000008000600                I2C1_EV_IRQHandler
                0x0000000008000600                DMAMUX1_OVR_IRQHandler
                0x0000000008000600                DMA1_Channel6_IRQHandler
                0x0000000008000600                UART4_IRQHandler
                0x0000000008000600                DMA2_Channel4_IRQHandler
                0x0000000008000600                TIM3_IRQHandler
                0x0000000008000600                RCC_IRQHandler
                0x0000000008000600                DMA1_Channel1_IRQHandler
                0x0000000008000600                Default_Handler
                0x0000000008000600                DMA2_Channel7_IRQHandler
                0x0000000008000600                TIM7_IRQHandler
                0x0000000008000600                SDMMC1_IRQHandler
                0x0000000008000600                TIM5_IRQHandler
                0x0000000008000600                I2C3_EV_IRQHandler
                0x0000000008000600                EXTI9_5_IRQHandler
                0x0000000008000600                RTC_WKUP_IRQHandler
                0x0000000008000600                LTDC_IRQHandler
                0x0000000008000600                PVD_PVM_IRQHandler
                0x0000000008000600                SPI2_IRQHandler
                0x0000000008000600                CAN1_TX_IRQHandler
                0x0000000008000600                DMA2_Channel5_IRQHandler
                0x0000000008000600                DMA1_Channel5_IRQHandler
                0x0000000008000600                EXTI4_IRQHandler
                0x0000000008000600                RNG_IRQHandler
                0x0000000008000600                TIM1_TRG_COM_TIM17_IRQHandler
                0x0000000008000600                DMA1_Channel3_IRQHandler
                0x0000000008000600                COMP_IRQHandler
                0x0000000008000600                HASH_CRS_IRQHandler
                0x0000000008000600                WWDG_IRQHandler
                0x0000000008000600                I2C4_EV_IRQHandler
                0x0000000008000600                LPUART1_IRQHandler
                0x0000000008000600                DMA2_Channel6_IRQHandler
                0x0000000008000600                TIM2_IRQHandler
                0x0000000008000600                DMA2D_IRQHandler
                0x0000000008000600                AES_IRQHandler
                0x0000000008000600                USART2_IRQHandler
                0x0000000008000600                DFSDM1_FLT0_IRQHandler
                0x0000000008000600                I2C2_ER_IRQHandler
                0x0000000008000600                DMA1_Channel2_IRQHandler
                0x0000000008000600                TIM8_BRK_IRQHandler
                0x0000000008000600                CAN1_SCE_IRQHandler
                0x0000000008000600                FLASH_IRQHandler
                0x0000000008000600                USART1_IRQHandler
                0x0000000008000600                OTG_FS_IRQHandler
                0x0000000008000600                I2C1_ER_IRQHandler
                0x0000000008000600                FMC_IRQHandler
                0x0000000008000600                LPTIM1_IRQHandler
                0x0000000008000600                I2C4_ER_IRQHandler
                0x0000000008000600                SAI1_IRQHandler
                0x0000000008000600                DMA2_Channel3_IRQHandler
                0x0000000008000600                TIM1_BRK_TIM15_IRQHandler
 *fill*         0x0000000008000602        0x2 
 .text.GetPage  0x0000000008000604       0x84 Application/User/flash_l4.o
 .text.GetBank  0x0000000008000688       0x9c Application/User/flash_l4.o
 .text.FLASH_Init
                0x0000000008000724       0x64 Application/User/flash_l4.o
 .text.FLASH_Erase_Size
                0x0000000008000788       0xbc Application/User/flash_l4.o
                0x0000000008000788                FLASH_Erase_Size
 .text.FLASH_Write
                0x0000000008000844       0x9e Application/User/flash_l4.o
                0x0000000008000844                FLASH_Write
 *fill*         0x00000000080008e2        0x2 
 .text.main     0x00000000080008e4       0x80 Application/User/main.o
                0x00000000080008e4                main
 .text.wifi_start
                0x0000000008000964       0x70 Application/User/main.o
 *fill*         0x00000000080009d4        0x4 
 .text.wifi_connect
                0x00000000080009d8      0x1e0 Application/User/main.o
 .text.wifi_server
                0x0000000008000bb8      0x130 Application/User/main.o
 .text.WebServerProcess
                0x0000000008000ce8      0x1b0 Application/User/main.o
 .text.SendWebPage
                0x0000000008000e98      0x320 Application/User/main.o
 .text.SystemClock_Config
                0x00000000080011b8       0x72 Application/User/main.o
 *fill*         0x000000000800122a        0x2 
 .text.Button_Reset
                0x000000000800122c       0x18 Application/User/main.o
 .text.Button_WaitForPush
                0x0000000008001244       0x48 Application/User/main.o
 .text.__io_putchar
                0x000000000800128c       0x24 Application/User/main.o
                0x000000000800128c                __io_putchar
 .text.__io_getchar
                0x00000000080012b0       0x30 Application/User/main.o
                0x00000000080012b0                __io_getchar
 .text.HAL_GPIO_EXTI_Callback
                0x00000000080012e0       0x2c Application/User/main.o
                0x00000000080012e0                HAL_GPIO_EXTI_Callback
 .text.SPI3_IRQHandler
                0x000000000800130c       0x14 Application/User/main.o
                0x000000000800130c                SPI3_IRQHandler
 .text.Button_ISR
                0x0000000008001320       0x20 Application/User/main.o
 .text.NMI_Handler
                0x0000000008001340        0xe Application/User/stm32l4xx_it.o
                0x0000000008001340                NMI_Handler
 .text.HardFault_Handler
                0x000000000800134e        0x6 Application/User/stm32l4xx_it.o
                0x000000000800134e                HardFault_Handler
 .text.MemManage_Handler
                0x0000000008001354        0x6 Application/User/stm32l4xx_it.o
                0x0000000008001354                MemManage_Handler
 .text.BusFault_Handler
                0x000000000800135a        0x6 Application/User/stm32l4xx_it.o
                0x000000000800135a                BusFault_Handler
 .text.UsageFault_Handler
                0x0000000008001360        0x6 Application/User/stm32l4xx_it.o
                0x0000000008001360                UsageFault_Handler
 .text.SVC_Handler
                0x0000000008001366        0xe Application/User/stm32l4xx_it.o
                0x0000000008001366                SVC_Handler
 .text.DebugMon_Handler
                0x0000000008001374        0xe Application/User/stm32l4xx_it.o
                0x0000000008001374                DebugMon_Handler
 .text.PendSV_Handler
                0x0000000008001382        0xe Application/User/stm32l4xx_it.o
                0x0000000008001382                PendSV_Handler
 .text.SysTick_Handler
                0x0000000008001390        0xc Application/User/stm32l4xx_it.o
                0x0000000008001390                SysTick_Handler
 .text.EXTI1_IRQHandler
                0x000000000800139c        0xe Application/User/stm32l4xx_it.o
                0x000000000800139c                EXTI1_IRQHandler
 .text.EXTI15_10_IRQHandler
                0x00000000080013aa       0x10 Application/User/stm32l4xx_it.o
                0x00000000080013aa                EXTI15_10_IRQHandler
 .text._read    0x00000000080013ba       0x22 Application/User/syscalls.o
                0x00000000080013ba                _read
 .text._write   0x00000000080013dc       0x38 Application/User/syscalls.o
                0x00000000080013dc                _write
 .text._close   0x0000000008001414       0x18 Application/User/syscalls.o
                0x0000000008001414                _close
 .text._fstat   0x000000000800142c       0x20 Application/User/syscalls.o
                0x000000000800142c                _fstat
 .text._isatty  0x000000000800144c       0x16 Application/User/syscalls.o
                0x000000000800144c                _isatty
 .text._lseek   0x0000000008001462       0x1a Application/User/syscalls.o
                0x0000000008001462                _lseek
 .text._sbrk    0x000000000800147c       0x58 Application/User/sysmem.o
                0x000000000800147c                _sbrk
 .text.SystemInit
                0x00000000080014d4       0x6c Application/User/system_stm32l4xx.o
                0x00000000080014d4                SystemInit
 .text.Hex2Num  0x0000000008001540       0x54 Application/WiFi/es_wifi.o
 .text.ParseHexNumber
                0x0000000008001594       0x80 Application/WiFi/es_wifi.o
 .text.ParseNumber
                0x0000000008001614       0x88 Application/WiFi/es_wifi.o
 .text.ParseMAC
                0x000000000800169c       0x54 Application/WiFi/es_wifi.o
 .text.ParseIP  0x00000000080016f0       0x54 Application/WiFi/es_wifi.o
 .text.AT_ParseInfo
                0x0000000008001744       0xec Application/WiFi/es_wifi.o
 .text.AT_ParseConnSettings
                0x0000000008001830      0x160 Application/WiFi/es_wifi.o
 .text.AT_ParseIsConnected
                0x0000000008001990       0x2c Application/WiFi/es_wifi.o
 .text.AT_ExecuteCommand
                0x00000000080019bc       0xcc Application/WiFi/es_wifi.o
 .text.AT_RequestSendData
                0x0000000008001a88       0xec Application/WiFi/es_wifi.o
 .text.AT_RequestReceiveData
                0x0000000008001b74      0x12c Application/WiFi/es_wifi.o
 .text.ES_WIFI_Init
                0x0000000008001ca0       0x5c Application/WiFi/es_wifi.o
                0x0000000008001ca0                ES_WIFI_Init
 .text.ES_WIFI_RegisterBusIO
                0x0000000008001cfc       0x66 Application/WiFi/es_wifi.o
                0x0000000008001cfc                ES_WIFI_RegisterBusIO
 *fill*         0x0000000008001d62        0x2 
 .text.ES_WIFI_Connect
                0x0000000008001d64      0x100 Application/WiFi/es_wifi.o
                0x0000000008001d64                ES_WIFI_Connect
 .text.ES_WIFI_IsConnected
                0x0000000008001e64       0x58 Application/WiFi/es_wifi.o
                0x0000000008001e64                ES_WIFI_IsConnected
 .text.ES_WIFI_GetNetworkSettings
                0x0000000008001ebc       0x54 Application/WiFi/es_wifi.o
                0x0000000008001ebc                ES_WIFI_GetNetworkSettings
 .text.ES_WIFI_GetMACAddress
                0x0000000008001f10       0x60 Application/WiFi/es_wifi.o
                0x0000000008001f10                ES_WIFI_GetMACAddress
 .text.ES_WIFI_StartServerSingleConn
                0x0000000008001f70      0x168 Application/WiFi/es_wifi.o
                0x0000000008001f70                ES_WIFI_StartServerSingleConn
 .text.ES_WIFI_WaitServerConnection
                0x00000000080020d8      0x1ec Application/WiFi/es_wifi.o
                0x00000000080020d8                ES_WIFI_WaitServerConnection
 .text.ES_WIFI_CloseServerConnection
                0x00000000080022c4       0x7c Application/WiFi/es_wifi.o
                0x00000000080022c4                ES_WIFI_CloseServerConnection
 .text.ES_WIFI_StopServerSingleConn
                0x0000000008002340       0x80 Application/WiFi/es_wifi.o
                0x0000000008002340                ES_WIFI_StopServerSingleConn
 .text.ES_WIFI_SendData
                0x00000000080023c0      0x10c Application/WiFi/es_wifi.o
                0x00000000080023c0                ES_WIFI_SendData
 .text.ES_WIFI_ReceiveData
                0x00000000080024cc      0x114 Application/WiFi/es_wifi.o
                0x00000000080024cc                ES_WIFI_ReceiveData
 .text.SPI_WIFI_MspInit
                0x00000000080025e0      0x178 Application/WiFi/es_wifi_io.o
                0x00000000080025e0                SPI_WIFI_MspInit
 .text.SPI_WIFI_Init
                0x0000000008002758       0xbc Application/WiFi/es_wifi_io.o
                0x0000000008002758                SPI_WIFI_Init
 .text.SPI_WIFI_ResetModule
                0x0000000008002814       0xe0 Application/WiFi/es_wifi_io.o
                0x0000000008002814                SPI_WIFI_ResetModule
 .text.SPI_WIFI_DeInit
                0x00000000080028f4       0x14 Application/WiFi/es_wifi_io.o
                0x00000000080028f4                SPI_WIFI_DeInit
 .text.wait_cmddata_rdy_high
                0x0000000008002908       0x44 Application/WiFi/es_wifi_io.o
 .text.wait_cmddata_rdy_rising_event
                0x000000000800294c       0x40 Application/WiFi/es_wifi_io.o
 .text.wait_spi_rx_event
                0x000000000800298c       0x40 Application/WiFi/es_wifi_io.o
 .text.wait_spi_tx_event
                0x00000000080029cc       0x40 Application/WiFi/es_wifi_io.o
 .text.SPI_WIFI_ReceiveData
                0x0000000008002a0c       0xf4 Application/WiFi/es_wifi_io.o
                0x0000000008002a0c                SPI_WIFI_ReceiveData
 .text.SPI_WIFI_SendData
                0x0000000008002b00       0xdc Application/WiFi/es_wifi_io.o
                0x0000000008002b00                SPI_WIFI_SendData
 .text.SPI_WIFI_Delay
                0x0000000008002bdc       0x16 Application/WiFi/es_wifi_io.o
                0x0000000008002bdc                SPI_WIFI_Delay
 *fill*         0x0000000008002bf2        0x2 
 .text.SPI_WIFI_DelayUs
                0x0000000008002bf4       0xa4 Application/WiFi/es_wifi_io.o
 .text.HAL_SPI_RxCpltCallback
                0x0000000008002c98       0x28 Application/WiFi/es_wifi_io.o
                0x0000000008002c98                HAL_SPI_RxCpltCallback
 .text.HAL_SPI_TxCpltCallback
                0x0000000008002cc0       0x28 Application/WiFi/es_wifi_io.o
                0x0000000008002cc0                HAL_SPI_TxCpltCallback
 .text.SPI_WIFI_ISR
                0x0000000008002ce8       0x20 Application/WiFi/es_wifi_io.o
                0x0000000008002ce8                SPI_WIFI_ISR
 .text.WIFI_Init
                0x0000000008002d08       0x58 Application/WiFi/wifi.o
                0x0000000008002d08                WIFI_Init
 .text.WIFI_Connect
                0x0000000008002d60       0x44 Application/WiFi/wifi.o
                0x0000000008002d60                WIFI_Connect
 .text.WIFI_GetMAC_Address
                0x0000000008002da4       0x2c Application/WiFi/wifi.o
                0x0000000008002da4                WIFI_GetMAC_Address
 .text.WIFI_GetIP_Address
                0x0000000008002dd0       0x38 Application/WiFi/wifi.o
                0x0000000008002dd0                WIFI_GetIP_Address
 .text.WIFI_StartServer
                0x0000000008002e08       0x60 Application/WiFi/wifi.o
                0x0000000008002e08                WIFI_StartServer
 .text.WIFI_WaitServerConnection
                0x0000000008002e68       0x84 Application/WiFi/wifi.o
                0x0000000008002e68                WIFI_WaitServerConnection
 .text.WIFI_CloseServerConnection
                0x0000000008002eec       0x2c Application/WiFi/wifi.o
                0x0000000008002eec                WIFI_CloseServerConnection
 .text.WIFI_StopServer
                0x0000000008002f18       0x30 Application/WiFi/wifi.o
                0x0000000008002f18                WIFI_StopServer
 .text.WIFI_SendData
                0x0000000008002f48       0x44 Application/WiFi/wifi.o
                0x0000000008002f48                WIFI_SendData
 .text.WIFI_ReceiveData
                0x0000000008002f8c       0x44 Application/WiFi/wifi.o
                0x0000000008002f8c                WIFI_ReceiveData
 .text.HTS221_T_Init
                0x0000000008002fd0       0x5a Drivers/BSP/Components/HTS221/hts221.o
                0x0000000008002fd0                HTS221_T_Init
 .text.HTS221_T_ReadTemp
                0x000000000800302a      0x10e Drivers/BSP/Components/HTS221/hts221.o
                0x000000000800302a                HTS221_T_ReadTemp
 .text.BSP_LED_Init
                0x0000000008003138       0x60 Drivers/BSP/stm32l4s5i_iot01.o
                0x0000000008003138                BSP_LED_Init
 .text.BSP_LED_On
                0x0000000008003198       0x2c Drivers/BSP/stm32l4s5i_iot01.o
                0x0000000008003198                BSP_LED_On
 .text.BSP_LED_Off
                0x00000000080031c4       0x2c Drivers/BSP/stm32l4s5i_iot01.o
                0x00000000080031c4                BSP_LED_Off
 .text.BSP_PB_Init
                0x00000000080031f0       0xac Drivers/BSP/stm32l4s5i_iot01.o
                0x00000000080031f0                BSP_PB_Init
 .text.BSP_COM_Init
                0x000000000800329c       0xd8 Drivers/BSP/stm32l4s5i_iot01.o
                0x000000000800329c                BSP_COM_Init
 .text.I2Cx_MspInit
                0x0000000008003374       0xb0 Drivers/BSP/stm32l4s5i_iot01.o
 .text.I2Cx_Init
                0x0000000008003424       0x5c Drivers/BSP/stm32l4s5i_iot01.o
 .text.I2Cx_ReadMultiple
                0x0000000008003480       0x5a Drivers/BSP/stm32l4s5i_iot01.o
 .text.I2Cx_WriteMultiple
                0x00000000080034da       0x5a Drivers/BSP/stm32l4s5i_iot01.o
 .text.I2Cx_Error
                0x0000000008003534       0x20 Drivers/BSP/stm32l4s5i_iot01.o
 .text.SENSOR_IO_Init
                0x0000000008003554       0x14 Drivers/BSP/stm32l4s5i_iot01.o
                0x0000000008003554                SENSOR_IO_Init
 .text.SENSOR_IO_Write
                0x0000000008003568       0x34 Drivers/BSP/stm32l4s5i_iot01.o
                0x0000000008003568                SENSOR_IO_Write
 .text.SENSOR_IO_Read
                0x000000000800359c       0x3c Drivers/BSP/stm32l4s5i_iot01.o
                0x000000000800359c                SENSOR_IO_Read
 .text.SENSOR_IO_ReadMultiple
                0x00000000080035d8       0x3c Drivers/BSP/stm32l4s5i_iot01.o
                0x00000000080035d8                SENSOR_IO_ReadMultiple
 .text.BSP_TSENSOR_Init
                0x0000000008003614       0x38 Drivers/BSP/stm32l4s5i_iot01_tsensor.o
                0x0000000008003614                BSP_TSENSOR_Init
 .text.BSP_TSENSOR_ReadTemp
                0x000000000800364c       0x1c Drivers/BSP/stm32l4s5i_iot01_tsensor.o
                0x000000000800364c                BSP_TSENSOR_ReadTemp
 .text.HAL_Init
                0x0000000008003668       0x30 Drivers/STM32L4xx_HAL_Driver/stm32l4xx_hal.o
                0x0000000008003668                HAL_Init
 .text.HAL_MspInit
                0x0000000008003698        0xe Drivers/STM32L4xx_HAL_Driver/stm32l4xx_hal.o
                0x0000000008003698                HAL_MspInit
 *fill*         0x00000000080036a6        0x2 
 .text.HAL_InitTick
                0x00000000080036a8       0x78 Drivers/STM32L4xx_HAL_Driver/stm32l4xx_hal.o
                0x00000000080036a8                HAL_InitTick
 .text.HAL_IncTick
                0x0000000008003720       0x28 Drivers/STM32L4xx_HAL_Driver/stm32l4xx_hal.o
                0x0000000008003720                HAL_IncTick
 .text.HAL_GetTick
                0x0000000008003748       0x18 Drivers/STM32L4xx_HAL_Driver/stm32l4xx_hal.o
                0x0000000008003748                HAL_GetTick
 .text.HAL_Delay
                0x0000000008003760       0x44 Drivers/STM32L4xx_HAL_Driver/stm32l4xx_hal.o
                0x0000000008003760                HAL_Delay
 .text.__NVIC_SetPriorityGrouping
                0x00000000080037a4       0x48 Drivers/STM32L4xx_HAL_Driver/stm32l4xx_hal_cortex.o
 .text.__NVIC_GetPriorityGrouping
                0x00000000080037ec       0x1c Drivers/STM32L4xx_HAL_Driver/stm32l4xx_hal_cortex.o
 .text.__NVIC_EnableIRQ
                0x0000000008003808       0x3c Drivers/STM32L4xx_HAL_Driver/stm32l4xx_hal_cortex.o
 .text.__NVIC_SetPriority
                0x0000000008003844       0x54 Drivers/STM32L4xx_HAL_Driver/stm32l4xx_hal_cortex.o
 .text.NVIC_EncodePriority
                0x0000000008003898       0x66 Drivers/STM32L4xx_HAL_Driver/stm32l4xx_hal_cortex.o
 *fill*         0x00000000080038fe        0x2 
 .text.SysTick_Config
                0x0000000008003900       0x44 Drivers/STM32L4xx_HAL_Driver/stm32l4xx_hal_cortex.o
 .text.HAL_NVIC_SetPriorityGrouping
                0x0000000008003944       0x16 Drivers/STM32L4xx_HAL_Driver/stm32l4xx_hal_cortex.o
                0x0000000008003944                HAL_NVIC_SetPriorityGrouping
 .text.HAL_NVIC_SetPriority
                0x000000000800395a       0x38 Drivers/STM32L4xx_HAL_Driver/stm32l4xx_hal_cortex.o
                0x000000000800395a                HAL_NVIC_SetPriority
 .text.HAL_NVIC_EnableIRQ
                0x0000000008003992       0x1c Drivers/STM32L4xx_HAL_Driver/stm32l4xx_hal_cortex.o
                0x0000000008003992                HAL_NVIC_EnableIRQ
 .text.HAL_SYSTICK_Config
                0x00000000080039ae       0x18 Drivers/STM32L4xx_HAL_Driver/stm32l4xx_hal_cortex.o
                0x00000000080039ae                HAL_SYSTICK_Config
 .text.HAL_DMA_Abort_IT
                0x00000000080039c6       0xbe Drivers/STM32L4xx_HAL_Driver/stm32l4xx_hal_dma.o
                0x00000000080039c6                HAL_DMA_Abort_IT
 .text.HAL_FLASH_Program
                0x0000000008003a84       0xd8 Drivers/STM32L4xx_HAL_Driver/stm32l4xx_hal_flash.o
                0x0000000008003a84                HAL_FLASH_Program
 .text.HAL_FLASH_Unlock
                0x0000000008003b5c       0x44 Drivers/STM32L4xx_HAL_Driver/stm32l4xx_hal_flash.o
                0x0000000008003b5c                HAL_FLASH_Unlock
 .text.HAL_FLASH_Lock
                0x0000000008003ba0       0x20 Drivers/STM32L4xx_HAL_Driver/stm32l4xx_hal_flash.o
                0x0000000008003ba0                HAL_FLASH_Lock
 .text.HAL_FLASH_GetError
                0x0000000008003bc0       0x18 Drivers/STM32L4xx_HAL_Driver/stm32l4xx_hal_flash.o
                0x0000000008003bc0                HAL_FLASH_GetError
 .text.FLASH_WaitForLastOperation
                0x0000000008003bd8       0xb0 Drivers/STM32L4xx_HAL_Driver/stm32l4xx_hal_flash.o
                0x0000000008003bd8                FLASH_WaitForLastOperation
 .text.FLASH_Program_DoubleWord
                0x0000000008003c88       0x48 Drivers/STM32L4xx_HAL_Driver/stm32l4xx_hal_flash.o
 .text.FLASH_Program_Fast
                0x0000000008003cd0       0x68 Drivers/STM32L4xx_HAL_Driver/stm32l4xx_hal_flash.o
 .text.HAL_FLASHEx_Erase
                0x0000000008003d38      0x144 Drivers/STM32L4xx_HAL_Driver/stm32l4xx_hal_flash_ex.o
                0x0000000008003d38                HAL_FLASHEx_Erase
 .text.FLASH_MassErase
                0x0000000008003e7c       0x70 Drivers/STM32L4xx_HAL_Driver/stm32l4xx_hal_flash_ex.o
 .text.FLASH_PageErase
                0x0000000008003eec       0x88 Drivers/STM32L4xx_HAL_Driver/stm32l4xx_hal_flash_ex.o
                0x0000000008003eec                FLASH_PageErase
 .text.FLASH_FlushCaches
                0x0000000008003f74       0x88 Drivers/STM32L4xx_HAL_Driver/stm32l4xx_hal_flash_ex.o
                0x0000000008003f74                FLASH_FlushCaches
 .text.HAL_GPIO_Init
                0x0000000008003ffc      0x324 Drivers/STM32L4xx_HAL_Driver/stm32l4xx_hal_gpio.o
                0x0000000008003ffc                HAL_GPIO_Init
 .text.HAL_GPIO_ReadPin
                0x0000000008004320       0x30 Drivers/STM32L4xx_HAL_Driver/stm32l4xx_hal_gpio.o
                0x0000000008004320                HAL_GPIO_ReadPin
 .text.HAL_GPIO_WritePin
                0x0000000008004350       0x30 Drivers/STM32L4xx_HAL_Driver/stm32l4xx_hal_gpio.o
                0x0000000008004350                HAL_GPIO_WritePin
 .text.HAL_GPIO_EXTI_IRQHandler
                0x0000000008004380       0x30 Drivers/STM32L4xx_HAL_Driver/stm32l4xx_hal_gpio.o
                0x0000000008004380                HAL_GPIO_EXTI_IRQHandler
 .text.HAL_I2C_Init
                0x00000000080043b0      0x11e Drivers/STM32L4xx_HAL_Driver/stm32l4xx_hal_i2c.o
                0x00000000080043b0                HAL_I2C_Init
 .text.HAL_I2C_DeInit
                0x00000000080044ce       0x5e Drivers/STM32L4xx_HAL_Driver/stm32l4xx_hal_i2c.o
                0x00000000080044ce                HAL_I2C_DeInit
 .text.HAL_I2C_MspInit
                0x000000000800452c       0x14 Drivers/STM32L4xx_HAL_Driver/stm32l4xx_hal_i2c.o
                0x000000000800452c                HAL_I2C_MspInit
 .text.HAL_I2C_MspDeInit
                0x0000000008004540       0x14 Drivers/STM32L4xx_HAL_Driver/stm32l4xx_hal_i2c.o
                0x0000000008004540                HAL_I2C_MspDeInit
 .text.HAL_I2C_Mem_Write
                0x0000000008004554      0x228 Drivers/STM32L4xx_HAL_Driver/stm32l4xx_hal_i2c.o
                0x0000000008004554                HAL_I2C_Mem_Write
 .text.HAL_I2C_Mem_Read
                0x000000000800477c      0x234 Drivers/STM32L4xx_HAL_Driver/stm32l4xx_hal_i2c.o
                0x000000000800477c                HAL_I2C_Mem_Read
 .text.I2C_RequestMemoryWrite
                0x00000000080049b0       0xa8 Drivers/STM32L4xx_HAL_Driver/stm32l4xx_hal_i2c.o
 .text.I2C_RequestMemoryRead
                0x0000000008004a58       0xa8 Drivers/STM32L4xx_HAL_Driver/stm32l4xx_hal_i2c.o
 .text.I2C_Flush_TXDR
                0x0000000008004b00       0x48 Drivers/STM32L4xx_HAL_Driver/stm32l4xx_hal_i2c.o
 .text.I2C_WaitOnFlagUntilTimeout
                0x0000000008004b48       0x80 Drivers/STM32L4xx_HAL_Driver/stm32l4xx_hal_i2c.o
 .text.I2C_WaitOnTXISFlagUntilTimeout
                0x0000000008004bc8       0x80 Drivers/STM32L4xx_HAL_Driver/stm32l4xx_hal_i2c.o
 .text.I2C_WaitOnSTOPFlagUntilTimeout
                0x0000000008004c48       0x78 Drivers/STM32L4xx_HAL_Driver/stm32l4xx_hal_i2c.o
 .text.I2C_IsAcknowledgeFailed
                0x0000000008004cc0       0xcc Drivers/STM32L4xx_HAL_Driver/stm32l4xx_hal_i2c.o
 .text.I2C_TransferConfig
                0x0000000008004d8c       0x5c Drivers/STM32L4xx_HAL_Driver/stm32l4xx_hal_i2c.o
 .text.HAL_I2CEx_ConfigAnalogFilter
                0x0000000008004de8       0x96 Drivers/STM32L4xx_HAL_Driver/stm32l4xx_hal_i2c_ex.o
                0x0000000008004de8                HAL_I2CEx_ConfigAnalogFilter
 *fill*         0x0000000008004e7e        0x2 
 .text.HAL_PWREx_GetVoltageRange
                0x0000000008004e80       0x40 Drivers/STM32L4xx_HAL_Driver/stm32l4xx_hal_pwr_ex.o
                0x0000000008004e80                HAL_PWREx_GetVoltageRange
 .text.HAL_RCC_OscConfig
                0x0000000008004ec0      0x84c Drivers/STM32L4xx_HAL_Driver/stm32l4xx_hal_rcc.o
                0x0000000008004ec0                HAL_RCC_OscConfig
 .text.HAL_RCC_ClockConfig
                0x000000000800570c      0x258 Drivers/STM32L4xx_HAL_Driver/stm32l4xx_hal_rcc.o
                0x000000000800570c                HAL_RCC_ClockConfig
 .text.HAL_RCC_GetSysClockFreq
                0x0000000008005964      0x114 Drivers/STM32L4xx_HAL_Driver/stm32l4xx_hal_rcc.o
                0x0000000008005964                HAL_RCC_GetSysClockFreq
 .text.HAL_RCC_GetHCLKFreq
                0x0000000008005a78       0x18 Drivers/STM32L4xx_HAL_Driver/stm32l4xx_hal_rcc.o
                0x0000000008005a78                HAL_RCC_GetHCLKFreq
 .text.HAL_RCC_GetPCLK1Freq
                0x0000000008005a90       0x2c Drivers/STM32L4xx_HAL_Driver/stm32l4xx_hal_rcc.o
                0x0000000008005a90                HAL_RCC_GetPCLK1Freq
 .text.HAL_RCC_GetPCLK2Freq
                0x0000000008005abc       0x2c Drivers/STM32L4xx_HAL_Driver/stm32l4xx_hal_rcc.o
                0x0000000008005abc                HAL_RCC_GetPCLK2Freq
 .text.RCC_SetFlashLatencyFromMSIRange
                0x0000000008005ae8       0xb4 Drivers/STM32L4xx_HAL_Driver/stm32l4xx_hal_rcc.o
 .text.RCC_GetSysClockFreqFromPLLSource
                0x0000000008005b9c       0xd0 Drivers/STM32L4xx_HAL_Driver/stm32l4xx_hal_rcc.o
 .text.HAL_SPI_Init
                0x0000000008005c6c      0x198 Drivers/STM32L4xx_HAL_Driver/stm32l4xx_hal_spi.o
                0x0000000008005c6c                HAL_SPI_Init
 .text.HAL_SPI_DeInit
                0x0000000008005e04       0x50 Drivers/STM32L4xx_HAL_Driver/stm32l4xx_hal_spi.o
                0x0000000008005e04                HAL_SPI_DeInit
 .text.HAL_SPI_MspInit
                0x0000000008005e54       0x14 Drivers/STM32L4xx_HAL_Driver/stm32l4xx_hal_spi.o
                0x0000000008005e54                HAL_SPI_MspInit
 .text.HAL_SPI_MspDeInit
                0x0000000008005e68       0x14 Drivers/STM32L4xx_HAL_Driver/stm32l4xx_hal_spi.o
                0x0000000008005e68                HAL_SPI_MspDeInit
 .text.HAL_SPI_Receive
                0x0000000008005e7c      0x3a6 Drivers/STM32L4xx_HAL_Driver/stm32l4xx_hal_spi.o
                0x0000000008005e7c                HAL_SPI_Receive
 .text.HAL_SPI_TransmitReceive
                0x0000000008006222      0x5b0 Drivers/STM32L4xx_HAL_Driver/stm32l4xx_hal_spi.o
                0x0000000008006222                HAL_SPI_TransmitReceive
 *fill*         0x00000000080067d2        0x2 
 .text.HAL_SPI_Transmit_IT
                0x00000000080067d4      0x144 Drivers/STM32L4xx_HAL_Driver/stm32l4xx_hal_spi.o
                0x00000000080067d4                HAL_SPI_Transmit_IT
 .text.HAL_SPI_Receive_IT
                0x0000000008006918      0x1b0 Drivers/STM32L4xx_HAL_Driver/stm32l4xx_hal_spi.o
                0x0000000008006918                HAL_SPI_Receive_IT
 .text.HAL_SPI_TransmitReceive_IT
                0x0000000008006ac8      0x1b0 Drivers/STM32L4xx_HAL_Driver/stm32l4xx_hal_spi.o
                0x0000000008006ac8                HAL_SPI_TransmitReceive_IT
 .text.HAL_SPI_IRQHandler
                0x0000000008006c78      0x200 Drivers/STM32L4xx_HAL_Driver/stm32l4xx_hal_spi.o
                0x0000000008006c78                HAL_SPI_IRQHandler
 .text.HAL_SPI_TxRxCpltCallback
                0x0000000008006e78       0x14 Drivers/STM32L4xx_HAL_Driver/stm32l4xx_hal_spi.o
                0x0000000008006e78                HAL_SPI_TxRxCpltCallback
 .text.HAL_SPI_ErrorCallback
                0x0000000008006e8c       0x14 Drivers/STM32L4xx_HAL_Driver/stm32l4xx_hal_spi.o
                0x0000000008006e8c                HAL_SPI_ErrorCallback
 .text.SPI_DMAAbortOnError
                0x0000000008006ea0       0x2a Drivers/STM32L4xx_HAL_Driver/stm32l4xx_hal_spi.o
 *fill*         0x0000000008006eca        0x2 
 .text.SPI_2linesRxISR_8BIT
                0x0000000008006ecc       0xe4 Drivers/STM32L4xx_HAL_Driver/stm32l4xx_hal_spi.o
 .text.SPI_2linesRxISR_8BITCRC
                0x0000000008006fb0       0x4a Drivers/STM32L4xx_HAL_Driver/stm32l4xx_hal_spi.o
 .text.SPI_2linesTxISR_8BIT
                0x0000000008006ffa       0xbc Drivers/STM32L4xx_HAL_Driver/stm32l4xx_hal_spi.o
 *fill*         0x00000000080070b6        0x2 
 .text.SPI_2linesRxISR_16BIT
                0x00000000080070b8       0x7c Drivers/STM32L4xx_HAL_Driver/stm32l4xx_hal_spi.o
 .text.SPI_2linesRxISR_16BITCRC
                0x0000000008007134       0x2c Drivers/STM32L4xx_HAL_Driver/stm32l4xx_hal_spi.o
 .text.SPI_2linesTxISR_16BIT
                0x0000000008007160       0x8a Drivers/STM32L4xx_HAL_Driver/stm32l4xx_hal_spi.o
 .text.SPI_RxISR_8BITCRC
                0x00000000080071ea       0x30 Drivers/STM32L4xx_HAL_Driver/stm32l4xx_hal_spi.o
 *fill*         0x000000000800721a        0x2 
 .text.SPI_RxISR_8BIT
                0x000000000800721c       0x8c Drivers/STM32L4xx_HAL_Driver/stm32l4xx_hal_spi.o
 .text.SPI_RxISR_16BITCRC
                0x00000000080072a8       0x2c Drivers/STM32L4xx_HAL_Driver/stm32l4xx_hal_spi.o
 .text.SPI_RxISR_16BIT
                0x00000000080072d4       0x88 Drivers/STM32L4xx_HAL_Driver/stm32l4xx_hal_spi.o
 .text.SPI_TxISR_8BIT
                0x000000000800735c       0x60 Drivers/STM32L4xx_HAL_Driver/stm32l4xx_hal_spi.o
 .text.SPI_TxISR_16BIT
                0x00000000080073bc       0x5e Drivers/STM32L4xx_HAL_Driver/stm32l4xx_hal_spi.o
 *fill*         0x000000000800741a        0x2 
 .text.SPI_WaitFlagStateUntilTimeout
                0x000000000800741c      0x110 Drivers/STM32L4xx_HAL_Driver/stm32l4xx_hal_spi.o
 .text.SPI_WaitFifoStateUntilTimeout
                0x000000000800752c      0x11c Drivers/STM32L4xx_HAL_Driver/stm32l4xx_hal_spi.o
 .text.SPI_EndRxTransaction
                0x0000000008007648       0xb0 Drivers/STM32L4xx_HAL_Driver/stm32l4xx_hal_spi.o
 .text.SPI_EndRxTxTransaction
                0x00000000080076f8       0x8c Drivers/STM32L4xx_HAL_Driver/stm32l4xx_hal_spi.o
 .text.SPI_CloseRxTx_ISR
                0x0000000008007784       0xb8 Drivers/STM32L4xx_HAL_Driver/stm32l4xx_hal_spi.o
 .text.SPI_CloseRx_ISR
                0x000000000800783c       0x8c Drivers/STM32L4xx_HAL_Driver/stm32l4xx_hal_spi.o
 .text.SPI_CloseTx_ISR
                0x00000000080078c8       0x7e Drivers/STM32L4xx_HAL_Driver/stm32l4xx_hal_spi.o
 .text.HAL_UART_Init
                0x0000000008007946       0xa0 Drivers/STM32L4xx_HAL_Driver/stm32l4xx_hal_uart.o
                0x0000000008007946                HAL_UART_Init
 .text.HAL_UART_MspInit
                0x00000000080079e6       0x14 Drivers/STM32L4xx_HAL_Driver/stm32l4xx_hal_uart.o
                0x00000000080079e6                HAL_UART_MspInit
 .text.HAL_UART_Transmit
                0x00000000080079fa      0x12e Drivers/STM32L4xx_HAL_Driver/stm32l4xx_hal_uart.o
                0x00000000080079fa                HAL_UART_Transmit
 .text.HAL_UART_Receive
                0x0000000008007b28      0x1a2 Drivers/STM32L4xx_HAL_Driver/stm32l4xx_hal_uart.o
                0x0000000008007b28                HAL_UART_Receive
 *fill*         0x0000000008007cca        0x2 
 .text.UART_SetConfig
                0x0000000008007ccc      0x5a4 Drivers/STM32L4xx_HAL_Driver/stm32l4xx_hal_uart.o
                0x0000000008007ccc                UART_SetConfig
 .text.UART_AdvFeatureConfig
                0x0000000008008270      0x144 Drivers/STM32L4xx_HAL_Driver/stm32l4xx_hal_uart.o
                0x0000000008008270                UART_AdvFeatureConfig
 .text.UART_CheckIdleState
                0x00000000080083b4       0x90 Drivers/STM32L4xx_HAL_Driver/stm32l4xx_hal_uart.o
                0x00000000080083b4                UART_CheckIdleState
 .text.UART_WaitOnFlagUntilTimeout
                0x0000000008008444      0x100 Drivers/STM32L4xx_HAL_Driver/stm32l4xx_hal_uart.o
                0x0000000008008444                UART_WaitOnFlagUntilTimeout
 .text.__errno  0x0000000008008544        0xc c:/st/stm32cubeide_1.4.0/stm32cubeide/plugins/com.st.stm32cube.ide.mcu.externaltools.gnu-tools-for-stm32.7-2018-q2-update.win32_1.4.0.202007081208/tools/bin/../lib/gcc/arm-none-eabi/7.3.1/../../../../arm-none-eabi/lib/thumb/v7e-m/fpv4-sp/hard\libc_nano.a(lib_a-errno.o)
                0x0000000008008544                __errno
 .text.getchar  0x0000000008008550       0x24 c:/st/stm32cubeide_1.4.0/stm32cubeide/plugins/com.st.stm32cube.ide.mcu.externaltools.gnu-tools-for-stm32.7-2018-q2-update.win32_1.4.0.202007081208/tools/bin/../lib/gcc/arm-none-eabi/7.3.1/../../../../arm-none-eabi/lib/thumb/v7e-m/fpv4-sp/hard\libc_nano.a(lib_a-getchar.o)
                0x0000000008008550                getchar
 .text._gets_r  0x0000000008008574       0x84 c:/st/stm32cubeide_1.4.0/stm32cubeide/plugins/com.st.stm32cube.ide.mcu.externaltools.gnu-tools-for-stm32.7-2018-q2-update.win32_1.4.0.202007081208/tools/bin/../lib/gcc/arm-none-eabi/7.3.1/../../../../arm-none-eabi/lib/thumb/v7e-m/fpv4-sp/hard\libc_nano.a(lib_a-gets.o)
                0x0000000008008574                _gets_r
 .text.gets     0x00000000080085f8       0x10 c:/st/stm32cubeide_1.4.0/stm32cubeide/plugins/com.st.stm32cube.ide.mcu.externaltools.gnu-tools-for-stm32.7-2018-q2-update.win32_1.4.0.202007081208/tools/bin/../lib/gcc/arm-none-eabi/7.3.1/../../../../arm-none-eabi/lib/thumb/v7e-m/fpv4-sp/hard\libc_nano.a(lib_a-gets.o)
                0x00000000080085f8                gets
 .text.__libc_init_array
                0x0000000008008608       0x48 c:/st/stm32cubeide_1.4.0/stm32cubeide/plugins/com.st.stm32cube.ide.mcu.externaltools.gnu-tools-for-stm32.7-2018-q2-update.win32_1.4.0.202007081208/tools/bin/../lib/gcc/arm-none-eabi/7.3.1/../../../../arm-none-eabi/lib/thumb/v7e-m/fpv4-sp/hard\libc_nano.a(lib_a-init.o)
                0x0000000008008608                __libc_init_array
 .text.malloc   0x0000000008008650       0x10 c:/st/stm32cubeide_1.4.0/stm32cubeide/plugins/com.st.stm32cube.ide.mcu.externaltools.gnu-tools-for-stm32.7-2018-q2-update.win32_1.4.0.202007081208/tools/bin/../lib/gcc/arm-none-eabi/7.3.1/../../../../arm-none-eabi/lib/thumb/v7e-m/fpv4-sp/hard\libc_nano.a(lib_a-malloc.o)
                0x0000000008008650                malloc
 .text.memcmp   0x0000000008008660       0x1e c:/st/stm32cubeide_1.4.0/stm32cubeide/plugins/com.st.stm32cube.ide.mcu.externaltools.gnu-tools-for-stm32.7-2018-q2-update.win32_1.4.0.202007081208/tools/bin/../lib/gcc/arm-none-eabi/7.3.1/../../../../arm-none-eabi/lib/thumb/v7e-m/fpv4-sp/hard\libc_nano.a(lib_a-memcmp.o)
                0x0000000008008660                memcmp
 .text.memcpy   0x000000000800867e       0x16 c:/st/stm32cubeide_1.4.0/stm32cubeide/plugins/com.st.stm32cube.ide.mcu.externaltools.gnu-tools-for-stm32.7-2018-q2-update.win32_1.4.0.202007081208/tools/bin/../lib/gcc/arm-none-eabi/7.3.1/../../../../arm-none-eabi/lib/thumb/v7e-m/fpv4-sp/hard\libc_nano.a(lib_a-memcpy-stub.o)
                0x000000000800867e                memcpy
 .text.memset   0x0000000008008694       0x10 c:/st/stm32cubeide_1.4.0/stm32cubeide/plugins/com.st.stm32cube.ide.mcu.externaltools.gnu-tools-for-stm32.7-2018-q2-update.win32_1.4.0.202007081208/tools/bin/../lib/gcc/arm-none-eabi/7.3.1/../../../../arm-none-eabi/lib/thumb/v7e-m/fpv4-sp/hard\libc_nano.a(lib_a-memset.o)
                0x0000000008008694                memset
 .text._free_r  0x00000000080086a4       0x9c c:/st/stm32cubeide_1.4.0/stm32cubeide/plugins/com.st.stm32cube.ide.mcu.externaltools.gnu-tools-for-stm32.7-2018-q2-update.win32_1.4.0.202007081208/tools/bin/../lib/gcc/arm-none-eabi/7.3.1/../../../../arm-none-eabi/lib/thumb/v7e-m/fpv4-sp/hard\libc_nano.a(lib_a-nano-freer.o)
                0x00000000080086a4                _free_r
 .text._malloc_r
                0x0000000008008740       0xb4 c:/st/stm32cubeide_1.4.0/stm32cubeide/plugins/com.st.stm32cube.ide.mcu.externaltools.gnu-tools-for-stm32.7-2018-q2-update.win32_1.4.0.202007081208/tools/bin/../lib/gcc/arm-none-eabi/7.3.1/../../../../arm-none-eabi/lib/thumb/v7e-m/fpv4-sp/hard\libc_nano.a(lib_a-nano-mallocr.o)
                0x0000000008008740                _malloc_r
 .text.printf   0x00000000080087f4       0x30 c:/st/stm32cubeide_1.4.0/stm32cubeide/plugins/com.st.stm32cube.ide.mcu.externaltools.gnu-tools-for-stm32.7-2018-q2-update.win32_1.4.0.202007081208/tools/bin/../lib/gcc/arm-none-eabi/7.3.1/../../../../arm-none-eabi/lib/thumb/v7e-m/fpv4-sp/hard\libc_nano.a(lib_a-printf.o)
                0x00000000080087f4                iprintf
                0x00000000080087f4                printf
 .text.putchar  0x0000000008008824       0x28 c:/st/stm32cubeide_1.4.0/stm32cubeide/plugins/com.st.stm32cube.ide.mcu.externaltools.gnu-tools-for-stm32.7-2018-q2-update.win32_1.4.0.202007081208/tools/bin/../lib/gcc/arm-none-eabi/7.3.1/../../../../arm-none-eabi/lib/thumb/v7e-m/fpv4-sp/hard\libc_nano.a(lib_a-putchar.o)
                0x0000000008008824                putchar
 .text._puts_r  0x000000000800884c       0xb8 c:/st/stm32cubeide_1.4.0/stm32cubeide/plugins/com.st.stm32cube.ide.mcu.externaltools.gnu-tools-for-stm32.7-2018-q2-update.win32_1.4.0.202007081208/tools/bin/../lib/gcc/arm-none-eabi/7.3.1/../../../../arm-none-eabi/lib/thumb/v7e-m/fpv4-sp/hard\libc_nano.a(lib_a-puts.o)
                0x000000000800884c                _puts_r
 .text.puts     0x0000000008008904       0x10 c:/st/stm32cubeide_1.4.0/stm32cubeide/plugins/com.st.stm32cube.ide.mcu.externaltools.gnu-tools-for-stm32.7-2018-q2-update.win32_1.4.0.202007081208/tools/bin/../lib/gcc/arm-none-eabi/7.3.1/../../../../arm-none-eabi/lib/thumb/v7e-m/fpv4-sp/hard\libc_nano.a(lib_a-puts.o)
                0x0000000008008904                puts
 .text.__srget_r
                0x0000000008008914       0x58 c:/st/stm32cubeide_1.4.0/stm32cubeide/plugins/com.st.stm32cube.ide.mcu.externaltools.gnu-tools-for-stm32.7-2018-q2-update.win32_1.4.0.202007081208/tools/bin/../lib/gcc/arm-none-eabi/7.3.1/../../../../arm-none-eabi/lib/thumb/v7e-m/fpv4-sp/hard\libc_nano.a(lib_a-rget.o)
                0x0000000008008914                __srget_r
 .text._sbrk_r  0x000000000800896c       0x20 c:/st/stm32cubeide_1.4.0/stm32cubeide/plugins/com.st.stm32cube.ide.mcu.externaltools.gnu-tools-for-stm32.7-2018-q2-update.win32_1.4.0.202007081208/tools/bin/../lib/gcc/arm-none-eabi/7.3.1/../../../../arm-none-eabi/lib/thumb/v7e-m/fpv4-sp/hard\libc_nano.a(lib_a-sbrkr.o)
                0x000000000800896c                _sbrk_r
 .text.sprintf  0x000000000800898c       0x40 c:/st/stm32cubeide_1.4.0/stm32cubeide/plugins/com.st.stm32cube.ide.mcu.externaltools.gnu-tools-for-stm32.7-2018-q2-update.win32_1.4.0.202007081208/tools/bin/../lib/gcc/arm-none-eabi/7.3.1/../../../../arm-none-eabi/lib/thumb/v7e-m/fpv4-sp/hard\libc_nano.a(lib_a-sprintf.o)
                0x000000000800898c                siprintf
                0x000000000800898c                sprintf
 .text.strcat   0x00000000080089cc       0x1e c:/st/stm32cubeide_1.4.0/stm32cubeide/plugins/com.st.stm32cube.ide.mcu.externaltools.gnu-tools-for-stm32.7-2018-q2-update.win32_1.4.0.202007081208/tools/bin/../lib/gcc/arm-none-eabi/7.3.1/../../../../arm-none-eabi/lib/thumb/v7e-m/fpv4-sp/hard\libc_nano.a(lib_a-strcat.o)
                0x00000000080089cc                strcat
 .text.strncmp  0x00000000080089ea       0x24 c:/st/stm32cubeide_1.4.0/stm32cubeide/plugins/com.st.stm32cube.ide.mcu.externaltools.gnu-tools-for-stm32.7-2018-q2-update.win32_1.4.0.202007081208/tools/bin/../lib/gcc/arm-none-eabi/7.3.1/../../../../arm-none-eabi/lib/thumb/v7e-m/fpv4-sp/hard\libc_nano.a(lib_a-strncmp.o)
                0x00000000080089ea                strncmp
 .text.strncpy  0x0000000008008a0e       0x2a c:/st/stm32cubeide_1.4.0/stm32cubeide/plugins/com.st.stm32cube.ide.mcu.externaltools.gnu-tools-for-stm32.7-2018-q2-update.win32_1.4.0.202007081208/tools/bin/../lib/gcc/arm-none-eabi/7.3.1/../../../../arm-none-eabi/lib/thumb/v7e-m/fpv4-sp/hard\libc_nano.a(lib_a-strncpy.o)
                0x0000000008008a0e                strncpy
 .text.strstr   0x0000000008008a38       0x34 c:/st/stm32cubeide_1.4.0/stm32cubeide/plugins/com.st.stm32cube.ide.mcu.externaltools.gnu-tools-for-stm32.7-2018-q2-update.win32_1.4.0.202007081208/tools/bin/../lib/gcc/arm-none-eabi/7.3.1/../../../../arm-none-eabi/lib/thumb/v7e-m/fpv4-sp/hard\libc_nano.a(lib_a-strstr.o)
                0x0000000008008a38                strstr
 .text.strtok   0x0000000008008a6c       0x54 c:/st/stm32cubeide_1.4.0/stm32cubeide/plugins/com.st.stm32cube.ide.mcu.externaltools.gnu-tools-for-stm32.7-2018-q2-update.win32_1.4.0.202007081208/tools/bin/../lib/gcc/arm-none-eabi/7.3.1/../../../../arm-none-eabi/lib/thumb/v7e-m/fpv4-sp/hard\libc_nano.a(lib_a-strtok.o)
                0x0000000008008a6c                strtok
 .text.__strtok_r
                0x0000000008008ac0       0x54 c:/st/stm32cubeide_1.4.0/stm32cubeide/plugins/com.st.stm32cube.ide.mcu.externaltools.gnu-tools-for-stm32.7-2018-q2-update.win32_1.4.0.202007081208/tools/bin/../lib/gcc/arm-none-eabi/7.3.1/../../../../arm-none-eabi/lib/thumb/v7e-m/fpv4-sp/hard\libc_nano.a(lib_a-strtok_r.o)
                0x0000000008008ac0                __strtok_r
 .text.__swbuf_r
                0x0000000008008b14       0xa4 c:/st/stm32cubeide_1.4.0/stm32cubeide/plugins/com.st.stm32cube.ide.mcu.externaltools.gnu-tools-for-stm32.7-2018-q2-update.win32_1.4.0.202007081208/tools/bin/../lib/gcc/arm-none-eabi/7.3.1/../../../../arm-none-eabi/lib/thumb/v7e-m/fpv4-sp/hard\libc_nano.a(lib_a-wbuf.o)
                0x0000000008008b14                __swbuf_r
 .text.__swsetup_r
                0x0000000008008bb8       0xdc c:/st/stm32cubeide_1.4.0/stm32cubeide/plugins/com.st.stm32cube.ide.mcu.externaltools.gnu-tools-for-stm32.7-2018-q2-update.win32_1.4.0.202007081208/tools/bin/../lib/gcc/arm-none-eabi/7.3.1/../../../../arm-none-eabi/lib/thumb/v7e-m/fpv4-sp/hard\libc_nano.a(lib_a-wsetup.o)
                0x0000000008008bb8                __swsetup_r
 .text.__sflush_r
                0x0000000008008c94      0x10c c:/st/stm32cubeide_1.4.0/stm32cubeide/plugins/com.st.stm32cube.ide.mcu.externaltools.gnu-tools-for-stm32.7-2018-q2-update.win32_1.4.0.202007081208/tools/bin/../lib/gcc/arm-none-eabi/7.3.1/../../../../arm-none-eabi/lib/thumb/v7e-m/fpv4-sp/hard\libc_nano.a(lib_a-fflush.o)
                0x0000000008008c94                __sflush_r
 .text._fflush_r
                0x0000000008008da0       0x54 c:/st/stm32cubeide_1.4.0/stm32cubeide/plugins/com.st.stm32cube.ide.mcu.externaltools.gnu-tools-for-stm32.7-2018-q2-update.win32_1.4.0.202007081208/tools/bin/../lib/gcc/arm-none-eabi/7.3.1/../../../../arm-none-eabi/lib/thumb/v7e-m/fpv4-sp/hard\libc_nano.a(lib_a-fflush.o)
                0x0000000008008da0                _fflush_r
 .text.fflush   0x0000000008008df4       0x24 c:/st/stm32cubeide_1.4.0/stm32cubeide/plugins/com.st.stm32cube.ide.mcu.externaltools.gnu-tools-for-stm32.7-2018-q2-update.win32_1.4.0.202007081208/tools/bin/../lib/gcc/arm-none-eabi/7.3.1/../../../../arm-none-eabi/lib/thumb/v7e-m/fpv4-sp/hard\libc_nano.a(lib_a-fflush.o)
                0x0000000008008df4                fflush
 .text.std      0x0000000008008e18       0x48 c:/st/stm32cubeide_1.4.0/stm32cubeide/plugins/com.st.stm32cube.ide.mcu.externaltools.gnu-tools-for-stm32.7-2018-q2-update.win32_1.4.0.202007081208/tools/bin/../lib/gcc/arm-none-eabi/7.3.1/../../../../arm-none-eabi/lib/thumb/v7e-m/fpv4-sp/hard\libc_nano.a(lib_a-findfp.o)
 .text._cleanup_r
                0x0000000008008e60        0xc c:/st/stm32cubeide_1.4.0/stm32cubeide/plugins/com.st.stm32cube.ide.mcu.externaltools.gnu-tools-for-stm32.7-2018-q2-update.win32_1.4.0.202007081208/tools/bin/../lib/gcc/arm-none-eabi/7.3.1/../../../../arm-none-eabi/lib/thumb/v7e-m/fpv4-sp/hard\libc_nano.a(lib_a-findfp.o)
                0x0000000008008e60                _cleanup_r
 .text.__sfmoreglue
                0x0000000008008e6c       0x2c c:/st/stm32cubeide_1.4.0/stm32cubeide/plugins/com.st.stm32cube.ide.mcu.externaltools.gnu-tools-for-stm32.7-2018-q2-update.win32_1.4.0.202007081208/tools/bin/../lib/gcc/arm-none-eabi/7.3.1/../../../../arm-none-eabi/lib/thumb/v7e-m/fpv4-sp/hard\libc_nano.a(lib_a-findfp.o)
                0x0000000008008e6c                __sfmoreglue
 .text.__sinit  0x0000000008008e98       0x60 c:/st/stm32cubeide_1.4.0/stm32cubeide/plugins/com.st.stm32cube.ide.mcu.externaltools.gnu-tools-for-stm32.7-2018-q2-update.win32_1.4.0.202007081208/tools/bin/../lib/gcc/arm-none-eabi/7.3.1/../../../../arm-none-eabi/lib/thumb/v7e-m/fpv4-sp/hard\libc_nano.a(lib_a-findfp.o)
                0x0000000008008e98                __sinit
 .text.__sfp    0x0000000008008ef8       0x78 c:/st/stm32cubeide_1.4.0/stm32cubeide/plugins/com.st.stm32cube.ide.mcu.externaltools.gnu-tools-for-stm32.7-2018-q2-update.win32_1.4.0.202007081208/tools/bin/../lib/gcc/arm-none-eabi/7.3.1/../../../../arm-none-eabi/lib/thumb/v7e-m/fpv4-sp/hard\libc_nano.a(lib_a-findfp.o)
                0x0000000008008ef8                __sfp
 .text._fwalk   0x0000000008008f70       0x38 c:/st/stm32cubeide_1.4.0/stm32cubeide/plugins/com.st.stm32cube.ide.mcu.externaltools.gnu-tools-for-stm32.7-2018-q2-update.win32_1.4.0.202007081208/tools/bin/../lib/gcc/arm-none-eabi/7.3.1/../../../../arm-none-eabi/lib/thumb/v7e-m/fpv4-sp/hard\libc_nano.a(lib_a-fwalk.o)
                0x0000000008008f70                _fwalk
 .text._fwalk_reent
                0x0000000008008fa8       0x3c c:/st/stm32cubeide_1.4.0/stm32cubeide/plugins/com.st.stm32cube.ide.mcu.externaltools.gnu-tools-for-stm32.7-2018-q2-update.win32_1.4.0.202007081208/tools/bin/../lib/gcc/arm-none-eabi/7.3.1/../../../../arm-none-eabi/lib/thumb/v7e-m/fpv4-sp/hard\libc_nano.a(lib_a-fwalk.o)
                0x0000000008008fa8                _fwalk_reent
 .text._getc_r  0x0000000008008fe4       0x58 c:/st/stm32cubeide_1.4.0/stm32cubeide/plugins/com.st.stm32cube.ide.mcu.externaltools.gnu-tools-for-stm32.7-2018-q2-update.win32_1.4.0.202007081208/tools/bin/../lib/gcc/arm-none-eabi/7.3.1/../../../../arm-none-eabi/lib/thumb/v7e-m/fpv4-sp/hard\libc_nano.a(lib_a-getc.o)
                0x0000000008008fe4                _getc_r
 .text.__swhatbuf_r
                0x000000000800903c       0x48 c:/st/stm32cubeide_1.4.0/stm32cubeide/plugins/com.st.stm32cube.ide.mcu.externaltools.gnu-tools-for-stm32.7-2018-q2-update.win32_1.4.0.202007081208/tools/bin/../lib/gcc/arm-none-eabi/7.3.1/../../../../arm-none-eabi/lib/thumb/v7e-m/fpv4-sp/hard\libc_nano.a(lib_a-makebuf.o)
                0x000000000800903c                __swhatbuf_r
 .text.__smakebuf_r
                0x0000000008009084       0x80 c:/st/stm32cubeide_1.4.0/stm32cubeide/plugins/com.st.stm32cube.ide.mcu.externaltools.gnu-tools-for-stm32.7-2018-q2-update.win32_1.4.0.202007081208/tools/bin/../lib/gcc/arm-none-eabi/7.3.1/../../../../arm-none-eabi/lib/thumb/v7e-m/fpv4-sp/hard\libc_nano.a(lib_a-makebuf.o)
                0x0000000008009084                __smakebuf_r
 .text.__malloc_lock
                0x0000000008009104        0x2 c:/st/stm32cubeide_1.4.0/stm32cubeide/plugins/com.st.stm32cube.ide.mcu.externaltools.gnu-tools-for-stm32.7-2018-q2-update.win32_1.4.0.202007081208/tools/bin/../lib/gcc/arm-none-eabi/7.3.1/../../../../arm-none-eabi/lib/thumb/v7e-m/fpv4-sp/hard\libc_nano.a(lib_a-mlock.o)
                0x0000000008009104                __malloc_lock
 .text.__malloc_unlock
                0x0000000008009106        0x2 c:/st/stm32cubeide_1.4.0/stm32cubeide/plugins/com.st.stm32cube.ide.mcu.externaltools.gnu-tools-for-stm32.7-2018-q2-update.win32_1.4.0.202007081208/tools/bin/../lib/gcc/arm-none-eabi/7.3.1/../../../../arm-none-eabi/lib/thumb/v7e-m/fpv4-sp/hard\libc_nano.a(lib_a-mlock.o)
                0x0000000008009106                __malloc_unlock
 .text.__ssputs_r
                0x0000000008009108       0xb4 c:/st/stm32cubeide_1.4.0/stm32cubeide/plugins/com.st.stm32cube.ide.mcu.externaltools.gnu-tools-for-stm32.7-2018-q2-update.win32_1.4.0.202007081208/tools/bin/../lib/gcc/arm-none-eabi/7.3.1/../../../../arm-none-eabi/lib/thumb/v7e-m/fpv4-sp/hard\libc_nano.a(lib_a-nano-svfprintf.o)
                0x0000000008009108                __ssputs_r
 .text._svfprintf_r
                0x00000000080091bc      0x1f0 c:/st/stm32cubeide_1.4.0/stm32cubeide/plugins/com.st.stm32cube.ide.mcu.externaltools.gnu-tools-for-stm32.7-2018-q2-update.win32_1.4.0.202007081208/tools/bin/../lib/gcc/arm-none-eabi/7.3.1/../../../../arm-none-eabi/lib/thumb/v7e-m/fpv4-sp/hard\libc_nano.a(lib_a-nano-svfprintf.o)
                0x00000000080091bc                _svfiprintf_r
                0x00000000080091bc                _svfprintf_r
 .text.__sfputc_r
                0x00000000080093ac       0x2e c:/st/stm32cubeide_1.4.0/stm32cubeide/plugins/com.st.stm32cube.ide.mcu.externaltools.gnu-tools-for-stm32.7-2018-q2-update.win32_1.4.0.202007081208/tools/bin/../lib/gcc/arm-none-eabi/7.3.1/../../../../arm-none-eabi/lib/thumb/v7e-m/fpv4-sp/hard\libc_nano.a(lib_a-nano-vfprintf.o)
 .text.__sfputs_r
                0x00000000080093da       0x24 c:/st/stm32cubeide_1.4.0/stm32cubeide/plugins/com.st.stm32cube.ide.mcu.externaltools.gnu-tools-for-stm32.7-2018-q2-update.win32_1.4.0.202007081208/tools/bin/../lib/gcc/arm-none-eabi/7.3.1/../../../../arm-none-eabi/lib/thumb/v7e-m/fpv4-sp/hard\libc_nano.a(lib_a-nano-vfprintf.o)
                0x00000000080093da                __sfputs_r
 *fill*         0x00000000080093fe        0x2 
 .text._vfprintf_r
                0x0000000008009400      0x22c c:/st/stm32cubeide_1.4.0/stm32cubeide/plugins/com.st.stm32cube.ide.mcu.externaltools.gnu-tools-for-stm32.7-2018-q2-update.win32_1.4.0.202007081208/tools/bin/../lib/gcc/arm-none-eabi/7.3.1/../../../../arm-none-eabi/lib/thumb/v7e-m/fpv4-sp/hard\libc_nano.a(lib_a-nano-vfprintf.o)
                0x0000000008009400                _vfprintf_r
                0x0000000008009400                _vfiprintf_r
 .text._printf_common
                0x000000000800962c       0xea c:/st/stm32cubeide_1.4.0/stm32cubeide/plugins/com.st.stm32cube.ide.mcu.externaltools.gnu-tools-for-stm32.7-2018-q2-update.win32_1.4.0.202007081208/tools/bin/../lib/gcc/arm-none-eabi/7.3.1/../../../../arm-none-eabi/lib/thumb/v7e-m/fpv4-sp/hard\libc_nano.a(lib_a-nano-vfprintf_i.o)
                0x000000000800962c                _printf_common
 *fill*         0x0000000008009716        0x2 
 .text._printf_i
                0x0000000008009718      0x224 c:/st/stm32cubeide_1.4.0/stm32cubeide/plugins/com.st.stm32cube.ide.mcu.externaltools.gnu-tools-for-stm32.7-2018-q2-update.win32_1.4.0.202007081208/tools/bin/../lib/gcc/arm-none-eabi/7.3.1/../../../../arm-none-eabi/lib/thumb/v7e-m/fpv4-sp/hard\libc_nano.a(lib_a-nano-vfprintf_i.o)
                0x0000000008009718                _printf_i
 .text._putc_r  0x000000000800993c       0x6c c:/st/stm32cubeide_1.4.0/stm32cubeide/plugins/com.st.stm32cube.ide.mcu.externaltools.gnu-tools-for-stm32.7-2018-q2-update.win32_1.4.0.202007081208/tools/bin/../lib/gcc/arm-none-eabi/7.3.1/../../../../arm-none-eabi/lib/thumb/v7e-m/fpv4-sp/hard\libc_nano.a(lib_a-putc.o)
                0x000000000800993c                _putc_r
 .text.lflush   0x00000000080099a8       0x12 c:/st/stm32cubeide_1.4.0/stm32cubeide/plugins/com.st.stm32cube.ide.mcu.externaltools.gnu-tools-for-stm32.7-2018-q2-update.win32_1.4.0.202007081208/tools/bin/../lib/gcc/arm-none-eabi/7.3.1/../../../../arm-none-eabi/lib/thumb/v7e-m/fpv4-sp/hard\libc_nano.a(lib_a-refill.o)
 *fill*         0x00000000080099ba        0x2 
 .text.__srefill_r
                0x00000000080099bc      0x118 c:/st/stm32cubeide_1.4.0/stm32cubeide/plugins/com.st.stm32cube.ide.mcu.externaltools.gnu-tools-for-stm32.7-2018-q2-update.win32_1.4.0.202007081208/tools/bin/../lib/gcc/arm-none-eabi/7.3.1/../../../../arm-none-eabi/lib/thumb/v7e-m/fpv4-sp/hard\libc_nano.a(lib_a-refill.o)
                0x00000000080099bc                __srefill_r
 .text.__sread  0x0000000008009ad4       0x22 c:/st/stm32cubeide_1.4.0/stm32cubeide/plugins/com.st.stm32cube.ide.mcu.externaltools.gnu-tools-for-stm32.7-2018-q2-update.win32_1.4.0.202007081208/tools/bin/../lib/gcc/arm-none-eabi/7.3.1/../../../../arm-none-eabi/lib/thumb/v7e-m/fpv4-sp/hard\libc_nano.a(lib_a-stdio.o)
                0x0000000008009ad4                __sread
 .text.__swrite
                0x0000000008009af6       0x38 c:/st/stm32cubeide_1.4.0/stm32cubeide/plugins/com.st.stm32cube.ide.mcu.externaltools.gnu-tools-for-stm32.7-2018-q2-update.win32_1.4.0.202007081208/tools/bin/../lib/gcc/arm-none-eabi/7.3.1/../../../../arm-none-eabi/lib/thumb/v7e-m/fpv4-sp/hard\libc_nano.a(lib_a-stdio.o)
                0x0000000008009af6                __swrite
 .text.__sseek  0x0000000008009b2e       0x24 c:/st/stm32cubeide_1.4.0/stm32cubeide/plugins/com.st.stm32cube.ide.mcu.externaltools.gnu-tools-for-stm32.7-2018-q2-update.win32_1.4.0.202007081208/tools/bin/../lib/gcc/arm-none-eabi/7.3.1/../../../../arm-none-eabi/lib/thumb/v7e-m/fpv4-sp/hard\libc_nano.a(lib_a-stdio.o)
                0x0000000008009b2e                __sseek
 .text.__sclose
                0x0000000008009b52        0x8 c:/st/stm32cubeide_1.4.0/stm32cubeide/plugins/com.st.stm32cube.ide.mcu.externaltools.gnu-tools-for-stm32.7-2018-q2-update.win32_1.4.0.202007081208/tools/bin/../lib/gcc/arm-none-eabi/7.3.1/../../../../arm-none-eabi/lib/thumb/v7e-m/fpv4-sp/hard\libc_nano.a(lib_a-stdio.o)
                0x0000000008009b52                __sclose
 *fill*         0x0000000008009b5a        0x2 
 .text._write_r
                0x0000000008009b5c       0x24 c:/st/stm32cubeide_1.4.0/stm32cubeide/plugins/com.st.stm32cube.ide.mcu.externaltools.gnu-tools-for-stm32.7-2018-q2-update.win32_1.4.0.202007081208/tools/bin/../lib/gcc/arm-none-eabi/7.3.1/../../../../arm-none-eabi/lib/thumb/v7e-m/fpv4-sp/hard\libc_nano.a(lib_a-writer.o)
                0x0000000008009b5c                _write_r
 .text._close_r
                0x0000000008009b80       0x20 c:/st/stm32cubeide_1.4.0/stm32cubeide/plugins/com.st.stm32cube.ide.mcu.externaltools.gnu-tools-for-stm32.7-2018-q2-update.win32_1.4.0.202007081208/tools/bin/../lib/gcc/arm-none-eabi/7.3.1/../../../../arm-none-eabi/lib/thumb/v7e-m/fpv4-sp/hard\libc_nano.a(lib_a-closer.o)
                0x0000000008009b80                _close_r
 .text._fstat_r
                0x0000000008009ba0       0x24 c:/st/stm32cubeide_1.4.0/stm32cubeide/plugins/com.st.stm32cube.ide.mcu.externaltools.gnu-tools-for-stm32.7-2018-q2-update.win32_1.4.0.202007081208/tools/bin/../lib/gcc/arm-none-eabi/7.3.1/../../../../arm-none-eabi/lib/thumb/v7e-m/fpv4-sp/hard\libc_nano.a(lib_a-fstatr.o)
                0x0000000008009ba0                _fstat_r
 .text._isatty_r
                0x0000000008009bc4       0x20 c:/st/stm32cubeide_1.4.0/stm32cubeide/plugins/com.st.stm32cube.ide.mcu.externaltools.gnu-tools-for-stm32.7-2018-q2-update.win32_1.4.0.202007081208/tools/bin/../lib/gcc/arm-none-eabi/7.3.1/../../../../arm-none-eabi/lib/thumb/v7e-m/fpv4-sp/hard\libc_nano.a(lib_a-isattyr.o)
                0x0000000008009bc4                _isatty_r
 .text._lseek_r
                0x0000000008009be4       0x24 c:/st/stm32cubeide_1.4.0/stm32cubeide/plugins/com.st.stm32cube.ide.mcu.externaltools.gnu-tools-for-stm32.7-2018-q2-update.win32_1.4.0.202007081208/tools/bin/../lib/gcc/arm-none-eabi/7.3.1/../../../../arm-none-eabi/lib/thumb/v7e-m/fpv4-sp/hard\libc_nano.a(lib_a-lseekr.o)
                0x0000000008009be4                _lseek_r
 .text.memmove  0x0000000008009c08       0x32 c:/st/stm32cubeide_1.4.0/stm32cubeide/plugins/com.st.stm32cube.ide.mcu.externaltools.gnu-tools-for-stm32.7-2018-q2-update.win32_1.4.0.202007081208/tools/bin/../lib/gcc/arm-none-eabi/7.3.1/../../../../arm-none-eabi/lib/thumb/v7e-m/fpv4-sp/hard\libc_nano.a(lib_a-memmove.o)
                0x0000000008009c08                memmove
 .text._realloc_r
                0x0000000008009c3a       0x4c c:/st/stm32cubeide_1.4.0/stm32cubeide/plugins/com.st.stm32cube.ide.mcu.externaltools.gnu-tools-for-stm32.7-2018-q2-update.win32_1.4.0.202007081208/tools/bin/../lib/gcc/arm-none-eabi/7.3.1/../../../../arm-none-eabi/lib/thumb/v7e-m/fpv4-sp/hard\libc_nano.a(lib_a-nano-reallocr.o)
                0x0000000008009c3a                _realloc_r
 *fill*         0x0000000008009c86        0x2 
 .text._read_r  0x0000000008009c88       0x24 c:/st/stm32cubeide_1.4.0/stm32cubeide/plugins/com.st.stm32cube.ide.mcu.externaltools.gnu-tools-for-stm32.7-2018-q2-update.win32_1.4.0.202007081208/tools/bin/../lib/gcc/arm-none-eabi/7.3.1/../../../../arm-none-eabi/lib/thumb/v7e-m/fpv4-sp/hard\libc_nano.a(lib_a-readr.o)
                0x0000000008009c88                _read_r
 .text._malloc_usable_size_r
                0x0000000008009cac       0x10 c:/st/stm32cubeide_1.4.0/stm32cubeide/plugins/com.st.stm32cube.ide.mcu.externaltools.gnu-tools-for-stm32.7-2018-q2-update.win32_1.4.0.202007081208/tools/bin/../lib/gcc/arm-none-eabi/7.3.1/../../../../arm-none-eabi/lib/thumb/v7e-m/fpv4-sp/hard\libc_nano.a(lib_a-nano-msizer.o)
                0x0000000008009cac                _malloc_usable_size_r
 *(.glue_7)
 .glue_7        0x0000000008009cbc        0x0 linker stubs
 *(.glue_7t)
 .glue_7t       0x0000000008009cbc        0x0 linker stubs
 *(.eh_frame)
 .eh_frame      0x0000000008009cbc        0x0 c:/st/stm32cubeide_1.4.0/stm32cubeide/plugins/com.st.stm32cube.ide.mcu.externaltools.gnu-tools-for-stm32.7-2018-q2-update.win32_1.4.0.202007081208/tools/bin/../lib/gcc/arm-none-eabi/7.3.1/thumb/v7e-m/fpv4-sp/hard/crtbegin.o
 *(.init)
 .init          0x0000000008009cbc        0x4 c:/st/stm32cubeide_1.4.0/stm32cubeide/plugins/com.st.stm32cube.ide.mcu.externaltools.gnu-tools-for-stm32.7-2018-q2-update.win32_1.4.0.202007081208/tools/bin/../lib/gcc/arm-none-eabi/7.3.1/thumb/v7e-m/fpv4-sp/hard/crti.o
                0x0000000008009cbc                _init
 .init          0x0000000008009cc0        0x8 c:/st/stm32cubeide_1.4.0/stm32cubeide/plugins/com.st.stm32cube.ide.mcu.externaltools.gnu-tools-for-stm32.7-2018-q2-update.win32_1.4.0.202007081208/tools/bin/../lib/gcc/arm-none-eabi/7.3.1/thumb/v7e-m/fpv4-sp/hard/crtn.o
 *(.fini)
 .fini          0x0000000008009cc8        0x4 c:/st/stm32cubeide_1.4.0/stm32cubeide/plugins/com.st.stm32cube.ide.mcu.externaltools.gnu-tools-for-stm32.7-2018-q2-update.win32_1.4.0.202007081208/tools/bin/../lib/gcc/arm-none-eabi/7.3.1/thumb/v7e-m/fpv4-sp/hard/crti.o
                0x0000000008009cc8                _fini
 .fini          0x0000000008009ccc        0x8 c:/st/stm32cubeide_1.4.0/stm32cubeide/plugins/com.st.stm32cube.ide.mcu.externaltools.gnu-tools-for-stm32.7-2018-q2-update.win32_1.4.0.202007081208/tools/bin/../lib/gcc/arm-none-eabi/7.3.1/thumb/v7e-m/fpv4-sp/hard/crtn.o
                0x0000000008009cd4                . = ALIGN (0x4)
                0x0000000008009cd4                _etext = .

.vfp11_veneer   0x0000000008009cd4        0x0
 .vfp11_veneer  0x0000000008009cd4        0x0 linker stubs

.v4_bx          0x0000000008009cd4        0x0
 .v4_bx         0x0000000008009cd4        0x0 linker stubs

.iplt           0x0000000008009cd4        0x0
 .iplt          0x0000000008009cd4        0x0 c:/st/stm32cubeide_1.4.0/stm32cubeide/plugins/com.st.stm32cube.ide.mcu.externaltools.gnu-tools-for-stm32.7-2018-q2-update.win32_1.4.0.202007081208/tools/bin/../lib/gcc/arm-none-eabi/7.3.1/thumb/v7e-m/fpv4-sp/hard/crtbegin.o

.rodata         0x0000000008009cd4      0xb34
                0x0000000008009cd4                . = ALIGN (0x4)
 *(.rodata)
 .rodata        0x0000000008009cd4       0x78 Application/User/flash_l4.o
 .rodata        0x0000000008009d4c      0x713 Application/User/main.o
 *fill*         0x000000000800a45f        0x1 
 .rodata        0x000000000800a460      0x2ae Application/WiFi/es_wifi.o
 *(.rodata*)
 *fill*         0x000000000800a70e        0x2 
 .rodata.AHBPrescTable
                0x000000000800a710       0x10 Application/User/system_stm32l4xx.o
                0x000000000800a710                AHBPrescTable
 .rodata.APBPrescTable
                0x000000000800a720        0x8 Application/User/system_stm32l4xx.o
                0x000000000800a720                APBPrescTable
 .rodata.MSIRangeTable
                0x000000000800a728       0x30 Application/User/system_stm32l4xx.o
                0x000000000800a728                MSIRangeTable
 .rodata.UARTPrescTable
                0x000000000800a758       0x18 Drivers/STM32L4xx_HAL_Driver/stm32l4xx_hal_uart.o
                0x000000000800a758                UARTPrescTable
 .rodata._global_impure_ptr
                0x000000000800a770        0x4 c:/st/stm32cubeide_1.4.0/stm32cubeide/plugins/com.st.stm32cube.ide.mcu.externaltools.gnu-tools-for-stm32.7-2018-q2-update.win32_1.4.0.202007081208/tools/bin/../lib/gcc/arm-none-eabi/7.3.1/../../../../arm-none-eabi/lib/thumb/v7e-m/fpv4-sp/hard\libc_nano.a(lib_a-impure.o)
                0x000000000800a770                _global_impure_ptr
 .rodata.__sf_fake_stderr
                0x000000000800a774       0x20 c:/st/stm32cubeide_1.4.0/stm32cubeide/plugins/com.st.stm32cube.ide.mcu.externaltools.gnu-tools-for-stm32.7-2018-q2-update.win32_1.4.0.202007081208/tools/bin/../lib/gcc/arm-none-eabi/7.3.1/../../../../arm-none-eabi/lib/thumb/v7e-m/fpv4-sp/hard\libc_nano.a(lib_a-findfp.o)
                0x000000000800a774                __sf_fake_stderr
 .rodata.__sf_fake_stdin
                0x000000000800a794       0x20 c:/st/stm32cubeide_1.4.0/stm32cubeide/plugins/com.st.stm32cube.ide.mcu.externaltools.gnu-tools-for-stm32.7-2018-q2-update.win32_1.4.0.202007081208/tools/bin/../lib/gcc/arm-none-eabi/7.3.1/../../../../arm-none-eabi/lib/thumb/v7e-m/fpv4-sp/hard\libc_nano.a(lib_a-findfp.o)
                0x000000000800a794                __sf_fake_stdin
 .rodata.__sf_fake_stdout
                0x000000000800a7b4       0x20 c:/st/stm32cubeide_1.4.0/stm32cubeide/plugins/com.st.stm32cube.ide.mcu.externaltools.gnu-tools-for-stm32.7-2018-q2-update.win32_1.4.0.202007081208/tools/bin/../lib/gcc/arm-none-eabi/7.3.1/../../../../arm-none-eabi/lib/thumb/v7e-m/fpv4-sp/hard\libc_nano.a(lib_a-findfp.o)
                0x000000000800a7b4                __sf_fake_stdout
 .rodata._svfprintf_r.str1.1
                0x000000000800a7d4       0x11 c:/st/stm32cubeide_1.4.0/stm32cubeide/plugins/com.st.stm32cube.ide.mcu.externaltools.gnu-tools-for-stm32.7-2018-q2-update.win32_1.4.0.202007081208/tools/bin/../lib/gcc/arm-none-eabi/7.3.1/../../../../arm-none-eabi/lib/thumb/v7e-m/fpv4-sp/hard\libc_nano.a(lib_a-nano-svfprintf.o)
 .rodata._vfprintf_r.str1.1
                0x000000000800a7e5       0x11 c:/st/stm32cubeide_1.4.0/stm32cubeide/plugins/com.st.stm32cube.ide.mcu.externaltools.gnu-tools-for-stm32.7-2018-q2-update.win32_1.4.0.202007081208/tools/bin/../lib/gcc/arm-none-eabi/7.3.1/../../../../arm-none-eabi/lib/thumb/v7e-m/fpv4-sp/hard\libc_nano.a(lib_a-nano-vfprintf.o)
 .rodata._printf_i.str1.1
                0x000000000800a7e5       0x22 c:/st/stm32cubeide_1.4.0/stm32cubeide/plugins/com.st.stm32cube.ide.mcu.externaltools.gnu-tools-for-stm32.7-2018-q2-update.win32_1.4.0.202007081208/tools/bin/../lib/gcc/arm-none-eabi/7.3.1/../../../../arm-none-eabi/lib/thumb/v7e-m/fpv4-sp/hard\libc_nano.a(lib_a-nano-vfprintf_i.o)
                0x000000000800a808                . = ALIGN (0x4)
 *fill*         0x000000000800a807        0x1 

.ARM.extab      0x000000000800a808        0x0
                0x000000000800a808                . = ALIGN (0x4)
 *(.ARM.extab* .gnu.linkonce.armextab.*)
                0x000000000800a808                . = ALIGN (0x4)

.ARM            0x000000000800a808        0x8
                0x000000000800a808                . = ALIGN (0x4)
                0x000000000800a808                __exidx_start = .
 *(.ARM.exidx*)
 .ARM.exidx     0x000000000800a808        0x8 c:/st/stm32cubeide_1.4.0/stm32cubeide/plugins/com.st.stm32cube.ide.mcu.externaltools.gnu-tools-for-stm32.7-2018-q2-update.win32_1.4.0.202007081208/tools/bin/../lib/gcc/arm-none-eabi/7.3.1/thumb/v7e-m/fpv4-sp/hard\libgcc.a(_udivmoddi4.o)
                0x000000000800a810                __exidx_end = .
                0x000000000800a810                . = ALIGN (0x4)

.rel.dyn        0x000000000800a810        0x0
 .rel.iplt      0x000000000800a810        0x0 c:/st/stm32cubeide_1.4.0/stm32cubeide/plugins/com.st.stm32cube.ide.mcu.externaltools.gnu-tools-for-stm32.7-2018-q2-update.win32_1.4.0.202007081208/tools/bin/../lib/gcc/arm-none-eabi/7.3.1/thumb/v7e-m/fpv4-sp/hard/crtbegin.o

.preinit_array  0x000000000800a810        0x0
                0x000000000800a810                . = ALIGN (0x4)
                0x000000000800a810                PROVIDE (__preinit_array_start = .)
 *(.preinit_array*)
                0x000000000800a810                PROVIDE (__preinit_array_end = .)
                0x000000000800a810                . = ALIGN (0x4)

.init_array     0x000000000800a810        0x4
                0x000000000800a810                . = ALIGN (0x4)
                0x000000000800a810                PROVIDE (__init_array_start = .)
 *(SORT_BY_NAME(.init_array.*))
 *(.init_array*)
 .init_array    0x000000000800a810        0x4 c:/st/stm32cubeide_1.4.0/stm32cubeide/plugins/com.st.stm32cube.ide.mcu.externaltools.gnu-tools-for-stm32.7-2018-q2-update.win32_1.4.0.202007081208/tools/bin/../lib/gcc/arm-none-eabi/7.3.1/thumb/v7e-m/fpv4-sp/hard/crtbegin.o
                0x000000000800a814                PROVIDE (__init_array_end = .)
                0x000000000800a814                . = ALIGN (0x4)

.fini_array     0x000000000800a814        0x4
                0x000000000800a814                . = ALIGN (0x4)
                [!provide]                        PROVIDE (__fini_array_start = .)
 *(SORT_BY_NAME(.fini_array.*))
 *(.fini_array*)
 .fini_array    0x000000000800a814        0x4 c:/st/stm32cubeide_1.4.0/stm32cubeide/plugins/com.st.stm32cube.ide.mcu.externaltools.gnu-tools-for-stm32.7-2018-q2-update.win32_1.4.0.202007081208/tools/bin/../lib/gcc/arm-none-eabi/7.3.1/thumb/v7e-m/fpv4-sp/hard/crtbegin.o
                [!provide]                        PROVIDE (__fini_array_end = .)
                0x000000000800a818                . = ALIGN (0x4)
                0x000000000800a818                _sidata = LOADADDR (.data)

.data           0x0000000020000000       0xb8 load address 0x000000000800a818
                0x0000000020000000                . = ALIGN (0x4)
                0x0000000020000000                _sdata = .
 *(.data)
 *(.data*)
 .data.lUserConfigPtr
                0x0000000020000000        0x4 Application/User/main.o
                0x0000000020000000                lUserConfigPtr
 .data.SystemCoreClock
                0x0000000020000004        0x4 Application/User/system_stm32l4xx.o
                0x0000000020000004                SystemCoreClock
 .data.HTS221_T_Drv
                0x0000000020000008       0x10 Drivers/BSP/Components/HTS221/hts221.o
                0x0000000020000008                HTS221_T_Drv
 .data.GPIO_PORT
                0x0000000020000018        0x4 Drivers/BSP/stm32l4s5i_iot01.o
                0x0000000020000018                GPIO_PORT
 .data.BUTTON_PORT
                0x000000002000001c        0x4 Drivers/BSP/stm32l4s5i_iot01.o
                0x000000002000001c                BUTTON_PORT
 .data.COM_USART
                0x0000000020000020        0x4 Drivers/BSP/stm32l4s5i_iot01.o
                0x0000000020000020                COM_USART
 .data.COM_TX_PORT
                0x0000000020000024        0x4 Drivers/BSP/stm32l4s5i_iot01.o
                0x0000000020000024                COM_TX_PORT
 .data.COM_RX_PORT
                0x0000000020000028        0x4 Drivers/BSP/stm32l4s5i_iot01.o
                0x0000000020000028                COM_RX_PORT
 .data.uwTickPrio
                0x000000002000002c        0x4 Drivers/STM32L4xx_HAL_Driver/stm32l4xx_hal.o
                0x000000002000002c                uwTickPrio
 .data.uwTickFreq
                0x0000000020000030        0x1 Drivers/STM32L4xx_HAL_Driver/stm32l4xx_hal.o
                0x0000000020000030                uwTickFreq
 *fill*         0x0000000020000031        0x3 
 .data.pFlash   0x0000000020000034       0x20 Drivers/STM32L4xx_HAL_Driver/stm32l4xx_hal_flash.o
                0x0000000020000034                pFlash
 .data._impure_ptr
                0x0000000020000054        0x4 c:/st/stm32cubeide_1.4.0/stm32cubeide/plugins/com.st.stm32cube.ide.mcu.externaltools.gnu-tools-for-stm32.7-2018-q2-update.win32_1.4.0.202007081208/tools/bin/../lib/gcc/arm-none-eabi/7.3.1/../../../../arm-none-eabi/lib/thumb/v7e-m/fpv4-sp/hard\libc_nano.a(lib_a-impure.o)
                0x0000000020000054                _impure_ptr
 .data.impure_data
                0x0000000020000058       0x60 c:/st/stm32cubeide_1.4.0/stm32cubeide/plugins/com.st.stm32cube.ide.mcu.externaltools.gnu-tools-for-stm32.7-2018-q2-update.win32_1.4.0.202007081208/tools/bin/../lib/gcc/arm-none-eabi/7.3.1/../../../../arm-none-eabi/lib/thumb/v7e-m/fpv4-sp/hard\libc_nano.a(lib_a-impure.o)
                0x00000000200000b8                . = ALIGN (0x4)
                0x00000000200000b8                _edata = .

.igot.plt       0x00000000200000b8        0x0 load address 0x000000000800a8d0
 .igot.plt      0x00000000200000b8        0x0 c:/st/stm32cubeide_1.4.0/stm32cubeide/plugins/com.st.stm32cube.ide.mcu.externaltools.gnu-tools-for-stm32.7-2018-q2-update.win32_1.4.0.202007081208/tools/bin/../lib/gcc/arm-none-eabi/7.3.1/thumb/v7e-m/fpv4-sp/hard/crtbegin.o
                0x00000000200000b8                . = ALIGN (0x4)

.bss            0x00000000200000b8     0x1368 load address 0x000000000800a8d0
                0x00000000200000b8                _sbss = .
                0x00000000200000b8                __bss_start__ = _sbss
 *(.bss)
 .bss           0x00000000200000b8       0x1c c:/st/stm32cubeide_1.4.0/stm32cubeide/plugins/com.st.stm32cube.ide.mcu.externaltools.gnu-tools-for-stm32.7-2018-q2-update.win32_1.4.0.202007081208/tools/bin/../lib/gcc/arm-none-eabi/7.3.1/thumb/v7e-m/fpv4-sp/hard/crtbegin.o
 *(.bss*)
 .bss.button_flag
                0x00000000200000d4        0x1 Application/User/main.o
 *fill*         0x00000000200000d5        0x3 
 .bss.user_config
                0x00000000200000d8       0xd8 Application/User/main.o
 .bss.http      0x00000000200001b0      0x400 Application/User/main.o
 .bss.IP_Addr   0x00000000200005b0        0x4 Application/User/main.o
 .bss.LedState  0x00000000200005b4        0x4 Application/User/main.o
 .bss.resp.12149
                0x00000000200005b8      0x400 Application/User/main.o
 .bss.heap_end.6424
                0x00000000200009b8        0x4 Application/User/sysmem.o
 .bss.issue15   0x00000000200009bc        0x4 Application/WiFi/es_wifi.o
                0x00000000200009bc                issue15
 .bss.spi_rx_event
                0x00000000200009c0        0x4 Application/WiFi/es_wifi_io.o
 .bss.spi_tx_event
                0x00000000200009c4        0x4 Application/WiFi/es_wifi_io.o
 .bss.cmddata_rdy_rising_event
                0x00000000200009c8        0x4 Application/WiFi/es_wifi_io.o
 .bss.cycle_per_loop.11152
                0x00000000200009cc        0x4 Application/WiFi/es_wifi_io.o
 .bss.tsensor_drv
                0x00000000200009d0        0x4 Drivers/BSP/stm32l4s5i_iot01_tsensor.o
 .bss.__malloc_free_list
                0x00000000200009d4        0x4 c:/st/stm32cubeide_1.4.0/stm32cubeide/plugins/com.st.stm32cube.ide.mcu.externaltools.gnu-tools-for-stm32.7-2018-q2-update.win32_1.4.0.202007081208/tools/bin/../lib/gcc/arm-none-eabi/7.3.1/../../../../arm-none-eabi/lib/thumb/v7e-m/fpv4-sp/hard\libc_nano.a(lib_a-nano-mallocr.o)
                0x00000000200009d4                __malloc_free_list
 .bss.__malloc_sbrk_start
                0x00000000200009d8        0x4 c:/st/stm32cubeide_1.4.0/stm32cubeide/plugins/com.st.stm32cube.ide.mcu.externaltools.gnu-tools-for-stm32.7-2018-q2-update.win32_1.4.0.202007081208/tools/bin/../lib/gcc/arm-none-eabi/7.3.1/../../../../arm-none-eabi/lib/thumb/v7e-m/fpv4-sp/hard\libc_nano.a(lib_a-nano-mallocr.o)
                0x00000000200009d8                __malloc_sbrk_start
 *(COMMON)
 COMMON         0x00000000200009dc       0x64 Application/WiFi/es_wifi_io.o
                0x00000000200009dc                hspi
 COMMON         0x0000000020000a40      0x900 Application/WiFi/wifi.o
                0x0000000020000a40                EsWifiObj
 COMMON         0x0000000020001340       0xd8 Drivers/BSP/stm32l4s5i_iot01.o
                0x0000000020001340                hDiscoUart
                0x00000000200013cc                hI2cHandler
 COMMON         0x0000000020001418        0x4 Drivers/STM32L4xx_HAL_Driver/stm32l4xx_hal.o
                0x0000000020001418                uwTick
 COMMON         0x000000002000141c        0x4 c:/st/stm32cubeide_1.4.0/stm32cubeide/plugins/com.st.stm32cube.ide.mcu.externaltools.gnu-tools-for-stm32.7-2018-q2-update.win32_1.4.0.202007081208/tools/bin/../lib/gcc/arm-none-eabi/7.3.1/../../../../arm-none-eabi/lib/thumb/v7e-m/fpv4-sp/hard\libc_nano.a(lib_a-reent.o)
                0x000000002000141c                errno
                0x0000000020001420                . = ALIGN (0x4)
                0x0000000020001420                _ebss = .
                0x0000000020001420                __bss_end__ = _ebss

._user_heap     0x0000000020001420    0x10000 load address 0x000000000800a8d0
                0x0000000020001420                . = ALIGN (0x8)
                0x0000000020001420                PROVIDE (end = .)
                [!provide]                        PROVIDE (_end = .)
                0x0000000020011420                . = (. + _Min_Heap_Size)
 *fill*         0x0000000020001420    0x10000 
                0x0000000020011420                . = ALIGN (0x8)

._user_stack    0x0000000010000000     0x7f00
                0x0000000010000000                . = ALIGN (0x8)
                [!provide]                        PROVIDE (end = .)
                [!provide]                        PROVIDE (_end = .)
                0x0000000010007f00                . = (. + _Min_Stack_Size)
 *fill*         0x0000000010000000     0x7f00 
                0x0000000010007f00                . = ALIGN (0x8)

/DISCARD/
 libc.a(*)
 libm.a(*)
 libgcc.a(*)

.ARM.attributes
                0x0000000000000000       0x30
 *(.ARM.attributes)
 .ARM.attributes
                0x0000000000000000       0x22 c:/st/stm32cubeide_1.4.0/stm32cubeide/plugins/com.st.stm32cube.ide.mcu.externaltools.gnu-tools-for-stm32.7-2018-q2-update.win32_1.4.0.202007081208/tools/bin/../lib/gcc/arm-none-eabi/7.3.1/thumb/v7e-m/fpv4-sp/hard/crti.o
 .ARM.attributes
                0x0000000000000022       0x34 c:/st/stm32cubeide_1.4.0/stm32cubeide/plugins/com.st.stm32cube.ide.mcu.externaltools.gnu-tools-for-stm32.7-2018-q2-update.win32_1.4.0.202007081208/tools/bin/../lib/gcc/arm-none-eabi/7.3.1/thumb/v7e-m/fpv4-sp/hard/crtbegin.o
 .ARM.attributes
                0x0000000000000056       0x21 Application/Startup/startup_stm32l4s5vitx.o
 .ARM.attributes
                0x0000000000000077       0x39 Application/User/flash_l4.o
 .ARM.attributes
                0x00000000000000b0       0x39 Application/User/main.o
 .ARM.attributes
                0x00000000000000e9       0x39 Application/User/stm32l4xx_it.o
 .ARM.attributes
                0x0000000000000122       0x39 Application/User/syscalls.o
 .ARM.attributes
                0x000000000000015b       0x39 Application/User/sysmem.o
 .ARM.attributes
                0x0000000000000194       0x39 Application/User/system_stm32l4xx.o
 .ARM.attributes
                0x00000000000001cd       0x39 Application/WiFi/es_wifi.o
 .ARM.attributes
                0x0000000000000206       0x39 Application/WiFi/es_wifi_io.o
 .ARM.attributes
                0x000000000000023f       0x39 Application/WiFi/wifi.o
 .ARM.attributes
                0x0000000000000278       0x39 Drivers/BSP/Components/HTS221/hts221.o
 .ARM.attributes
                0x00000000000002b1       0x39 Drivers/BSP/stm32l4s5i_iot01.o
 .ARM.attributes
                0x00000000000002ea       0x39 Drivers/BSP/stm32l4s5i_iot01_tsensor.o
 .ARM.attributes
                0x0000000000000323       0x39 Drivers/STM32L4xx_HAL_Driver/stm32l4xx_hal.o
 .ARM.attributes
                0x000000000000035c       0x39 Drivers/STM32L4xx_HAL_Driver/stm32l4xx_hal_cortex.o
 .ARM.attributes
                0x0000000000000395       0x39 Drivers/STM32L4xx_HAL_Driver/stm32l4xx_hal_dma.o
 .ARM.attributes
                0x00000000000003ce       0x39 Drivers/STM32L4xx_HAL_Driver/stm32l4xx_hal_flash.o
 .ARM.attributes
                0x0000000000000407       0x39 Drivers/STM32L4xx_HAL_Driver/stm32l4xx_hal_flash_ex.o
 .ARM.attributes
                0x0000000000000440       0x39 Drivers/STM32L4xx_HAL_Driver/stm32l4xx_hal_gpio.o
 .ARM.attributes
                0x0000000000000479       0x39 Drivers/STM32L4xx_HAL_Driver/stm32l4xx_hal_i2c.o
 .ARM.attributes
                0x00000000000004b2       0x39 Drivers/STM32L4xx_HAL_Driver/stm32l4xx_hal_i2c_ex.o
 .ARM.attributes
                0x00000000000004eb       0x39 Drivers/STM32L4xx_HAL_Driver/stm32l4xx_hal_pwr_ex.o
 .ARM.attributes
                0x0000000000000524       0x39 Drivers/STM32L4xx_HAL_Driver/stm32l4xx_hal_rcc.o
 .ARM.attributes
                0x000000000000055d       0x39 Drivers/STM32L4xx_HAL_Driver/stm32l4xx_hal_spi.o
 .ARM.attributes
                0x0000000000000596       0x39 Drivers/STM32L4xx_HAL_Driver/stm32l4xx_hal_uart.o
 .ARM.attributes
                0x00000000000005cf       0x34 c:/st/stm32cubeide_1.4.0/stm32cubeide/plugins/com.st.stm32cube.ide.mcu.externaltools.gnu-tools-for-stm32.7-2018-q2-update.win32_1.4.0.202007081208/tools/bin/../lib/gcc/arm-none-eabi/7.3.1/../../../../arm-none-eabi/lib/thumb/v7e-m/fpv4-sp/hard\libc_nano.a(lib_a-errno.o)
 .ARM.attributes
                0x0000000000000603       0x34 c:/st/stm32cubeide_1.4.0/stm32cubeide/plugins/com.st.stm32cube.ide.mcu.externaltools.gnu-tools-for-stm32.7-2018-q2-update.win32_1.4.0.202007081208/tools/bin/../lib/gcc/arm-none-eabi/7.3.1/../../../../arm-none-eabi/lib/thumb/v7e-m/fpv4-sp/hard\libc_nano.a(lib_a-getchar.o)
 .ARM.attributes
                0x0000000000000637       0x34 c:/st/stm32cubeide_1.4.0/stm32cubeide/plugins/com.st.stm32cube.ide.mcu.externaltools.gnu-tools-for-stm32.7-2018-q2-update.win32_1.4.0.202007081208/tools/bin/../lib/gcc/arm-none-eabi/7.3.1/../../../../arm-none-eabi/lib/thumb/v7e-m/fpv4-sp/hard\libc_nano.a(lib_a-gets.o)
 .ARM.attributes
                0x000000000000066b       0x34 c:/st/stm32cubeide_1.4.0/stm32cubeide/plugins/com.st.stm32cube.ide.mcu.externaltools.gnu-tools-for-stm32.7-2018-q2-update.win32_1.4.0.202007081208/tools/bin/../lib/gcc/arm-none-eabi/7.3.1/../../../../arm-none-eabi/lib/thumb/v7e-m/fpv4-sp/hard\libc_nano.a(lib_a-impure.o)
 .ARM.attributes
                0x000000000000069f       0x34 c:/st/stm32cubeide_1.4.0/stm32cubeide/plugins/com.st.stm32cube.ide.mcu.externaltools.gnu-tools-for-stm32.7-2018-q2-update.win32_1.4.0.202007081208/tools/bin/../lib/gcc/arm-none-eabi/7.3.1/../../../../arm-none-eabi/lib/thumb/v7e-m/fpv4-sp/hard\libc_nano.a(lib_a-init.o)
 .ARM.attributes
                0x00000000000006d3       0x34 c:/st/stm32cubeide_1.4.0/stm32cubeide/plugins/com.st.stm32cube.ide.mcu.externaltools.gnu-tools-for-stm32.7-2018-q2-update.win32_1.4.0.202007081208/tools/bin/../lib/gcc/arm-none-eabi/7.3.1/../../../../arm-none-eabi/lib/thumb/v7e-m/fpv4-sp/hard\libc_nano.a(lib_a-malloc.o)
 .ARM.attributes
                0x0000000000000707       0x34 c:/st/stm32cubeide_1.4.0/stm32cubeide/plugins/com.st.stm32cube.ide.mcu.externaltools.gnu-tools-for-stm32.7-2018-q2-update.win32_1.4.0.202007081208/tools/bin/../lib/gcc/arm-none-eabi/7.3.1/../../../../arm-none-eabi/lib/thumb/v7e-m/fpv4-sp/hard\libc_nano.a(lib_a-memcmp.o)
 .ARM.attributes
                0x000000000000073b       0x34 c:/st/stm32cubeide_1.4.0/stm32cubeide/plugins/com.st.stm32cube.ide.mcu.externaltools.gnu-tools-for-stm32.7-2018-q2-update.win32_1.4.0.202007081208/tools/bin/../lib/gcc/arm-none-eabi/7.3.1/../../../../arm-none-eabi/lib/thumb/v7e-m/fpv4-sp/hard\libc_nano.a(lib_a-memcpy-stub.o)
 .ARM.attributes
                0x000000000000076f       0x34 c:/st/stm32cubeide_1.4.0/stm32cubeide/plugins/com.st.stm32cube.ide.mcu.externaltools.gnu-tools-for-stm32.7-2018-q2-update.win32_1.4.0.202007081208/tools/bin/../lib/gcc/arm-none-eabi/7.3.1/../../../../arm-none-eabi/lib/thumb/v7e-m/fpv4-sp/hard\libc_nano.a(lib_a-memset.o)
 .ARM.attributes