main.c:119:5:main	8	static
main.c:166:12:wifi_start	40	static
main.c:199:5:wifi_connect	32	static
main.c:287:5:wifi_server	40	static
main.c:335:13:WebServerProcess	32	static
main.c:414:22:SendWebPage	96	static
main.c:474:13:SystemClock_Config	96	static
main.c:515:6:Button_Reset	4	static
main.c:523:9:Button_WaitForPush	24	static
main.c:546:1:__io_putchar	16	static
main.c:588:1:__io_getchar	16	static
main.c:628:6:HAL_GPIO_EXTI_Callback	16	static
main.c:654:6:SPI3_IRQHandler	8	static
main.c:662:13:Button_ISR	4	static
