stm32l4xx_it.c:42:6:NMI_Handler	4	static
stm32l4xx_it.c:51:6:HardFault_Handler	4	static
stm32l4xx_it.c:64:6:MemManage_Handler	4	static
stm32l4xx_it.c:77:6:BusFault_Handler	4	static
stm32l4xx_it.c:90:6:UsageFault_Handler	4	static
stm32l4xx_it.c:103:6:SVC_Handler	4	static
stm32l4xx_it.c:112:6:DebugMon_Handler	4	static
stm32l4xx_it.c:121:6:PendSV_Handler	4	static
stm32l4xx_it.c:130:6:SysTick_Handler	8	static
stm32l4xx_it.c:154:6:EXTI1_IRQHandler	8	static
stm32l4xx_it.c:159:6:EXTI15_10_IRQHandler	8	static
