main.c:85:5:__io_putchar	16	static
main.c:95:5:_write	32	static
main.c:119:5:main	24	static
main.c:212:6:SystemClock_Config	248	static
main.c:296:13:MX_ADC1_Init	32	static
main.c:352:13:MX_DFSDM1_Init	8	static
main.c:390:13:MX_I2C1_Init	8	static
main.c:436:13:MX_I2C2_Init	8	static
main.c:482:13:MX_OCTOSPI1_Init	32	static
main.c:530:13:MX_SPI1_Init	8	static
main.c:570:13:MX_SPI3_Init	8	static
main.c:610:13:MX_UART4_Init	8	static
main.c:658:13:MX_USART1_UART_Init	8	static
main.c:706:13:MX_USART2_UART_Init	8	static
main.c:754:13:MX_USART3_UART_Init	8	static
main.c:802:13:MX_USB_OTG_FS_USB_Init	4	static
main.c:823:13:MX_GPIO_Init	56	static
main.c:958:6:Error_Handler	4	static,ignoring_inline_asm
