misc.c:272:26:ForceZero	24	static
ecc.c:1269:13:wc_ecc_curve_cache_free_spec_item	24	static
ecc.c:1280:13:wc_ecc_curve_cache_free_spec	16	static
ecc.c:1304:13:wc_ecc_curve_free	16	static
ecc.c:1321:12:wc_ecc_curve_cache_load_item	32	static
ecc.c:1349:12:wc_ecc_curve_load	40	static
ecc.c:1497:13:wc_ecc_get_name	24	static
ecc.c:1505:5:wc_ecc_set_curve	32	static
ecc.c:1547:13:alt_fp_init	16	static
ecc.c:2933:5:wc_ecc_mulmod_ex	32	static
ecc.c:3055:5:wc_ecc_mulmod_ex2	32	static
ecc.c:3207:5:wc_ecc_mulmod	40	static
ecc.c:3219:12:wc_ecc_new_point_h	24	static
ecc.c:3253:12:wc_ecc_new_point	8	static
ecc.c:3259:6:wc_ecc_del_point_h	24	static
ecc.c:3275:6:wc_ecc_del_point	16	static
ecc.c:3285:5:wc_ecc_copy_point	24	static
ecc.c:3312:5:wc_ecc_cmp_point	24	static
ecc.c:3338:5:wc_ecc_is_valid_idx	24	static
ecc.c:3353:5:wc_ecc_get_curve_idx	24	static
ecc.c:3366:5:wc_ecc_get_curve_id	16	static
ecc.c:3379:5:wc_ecc_get_curve_size_from_id	24	static
ecc.c:3393:5:wc_ecc_get_curve_idx_from_name	24	static
ecc.c:3425:5:wc_ecc_get_curve_size_from_name	24	static
ecc.c:3445:5:wc_ecc_get_curve_id_from_name	24	static
ecc.c:3463:12:wc_ecc_cmp_param	64	static
ecc.c:3543:5:wc_ecc_get_curve_id_from_params	32	static
ecc.c:3590:5:wc_ecc_get_curve_id_from_dp_params	32	static
ecc.c:3636:5:wc_ecc_get_curve_id_from_oid	24	static
ecc.c:3662:21:wc_ecc_get_curve_params	24	static
ecc.c:3726:5:wc_ecc_shared_secret	32	static
ecc.c:3800:12:wc_ecc_shared_secret_gen_sync	40	static
ecc.c:3982:5:wc_ecc_shared_secret_gen	96	static
ecc.c:4029:5:wc_ecc_shared_secret_ex	32	static
ecc.c:4131:5:wc_ecc_point_is_at_infinity	16	static
ecc.c:4144:5:wc_ecc_gen_k	104	static
ecc.c:4186:23:wc_ecc_reset	16	static
ecc.c:4205:12:ecc_make_pub_ex	88	static
ecc.c:4368:5:wc_ecc_make_pub	16	static
ecc.c:4384:5:wc_ecc_make_pub_ex	24	static
ecc.c:4392:5:wc_ecc_make_key_ex2	32	static
ecc.c:4604:5:wc_ecc_make_key_ex	32	static
ecc.c:4668:10:wc_ecc_key_new	24	static
ecc.c:4685:6:wc_ecc_key_free	24	static
ecc.c:4706:5:wc_ecc_make_key	24	static
ecc.c:4713:5:wc_ecc_init_ex	32	static
ecc.c:4775:5:wc_ecc_init	16	static
ecc.c:4825:5:wc_ecc_set_flags	16	static
ecc.c:4835:12:wc_ecc_get_curve_order_bit_count	80	static
ecc.c:5055:5:wc_ecc_sign_hash	72	static
ecc.c:5157:5:wc_ecc_sign_hash_ex	48	static
ecc.c:5648:5:wc_ecc_free	16	static
ecc.c:6125:5:wc_ecc_verify_hash	64	static
ecc.c:6244:12:wc_ecc_check_r_s_range	88	static
ecc.c:6282:5:wc_ecc_verify_hash_ex	56	static
ecc.c:6774:5:wc_ecc_import_point_der_ex	40	static
ecc.c:6947:5:wc_ecc_import_point_der	32	static
ecc.c:6957:5:wc_ecc_export_point_der_ex	24	static
ecc.c:6970:5:wc_ecc_export_point_der	48	static
ecc.c:7101:5:wc_ecc_export_x963	48	static
ecc.c:7181:5:wc_ecc_export_x963_ex	24	static
ecc.c:7200:5:wc_ecc_is_point	24	static
ecc.c:7525:5:wc_ecc_check_key	16	static
ecc.c:7670:5:wc_ecc_import_x963_ex	40	static
ecc.c:7865:5:wc_ecc_import_x963	24	static
ecc.c:7876:5:wc_ecc_export_ex	40	static
ecc.c:7933:5:wc_ecc_export_private_only	40	static
ecc.c:7945:5:wc_ecc_export_public_raw	40	static
ecc.c:7959:5:wc_ecc_export_private_raw	40	static
ecc.c:7970:5:wc_ecc_import_private_key_ex	32	static
ecc.c:8074:5:wc_ecc_import_private_key	32	static
ecc.c:8091:5:wc_ecc_rs_to_sig	64	static
ecc.c:8158:5:wc_ecc_rs_raw_to_sig	32	static
ecc.c:8178:5:wc_ecc_sig_to_rs	32	static
ecc.c:8189:12:wc_ecc_import_raw_private	32	static
ecc.c:8391:5:wc_ecc_import_raw_ex	32	static
ecc.c:8400:5:wc_ecc_import_unsigned	32	static
ecc.c:8417:5:wc_ecc_import_raw	48	static
ecc.c:8448:5:wc_ecc_size	16	static
ecc.c:8457:5:wc_ecc_sig_size_calc	24	static
ecc.c:8474:5:wc_ecc_sig_size	32	static
ecc.c:10192:5:wc_ecc_set_rng	24	static
ecc.c:11218:5:wc_ecc_get_oid	32	static
