test.c:472:12:err_sys	16	static
test.c:562:5:wolfcrypt_test	24	static
test.c:1383:12:_SaveDerAndPem	24	static
test.c:1453:12:error_test	176	static
test.c:1519:12:base64_test	312	static
test.c:1700:12:asn_test	56	static
test.c:2429:12:sha256_test	1440	static
test.c:3307:12:hash_test	296	static
test.c:3873:12:hmac_sha256_test	488	static
test.c:4783:12:hc128_test	4	static
test.c:4973:12:chacha_test	736	static
test.c:5357:12:poly1305_test	856	static
test.c:5568:12:chacha20_poly1305_aead_test	1680	static
test.c:7368:12:aes_key_size_test	440	static
test.c:8007:12:aes_cbc_test	128	static
test.c:8051:12:aes_test	352	static
test.c:8679:12:aes192_test	760	static
test.c:8768:12:aes256_test	768	static
test.c:8859:12:aesgcm_default_test_helper	808	static
test.c:8931:12:aesgcm_default_test	296	static
test.c:9030:12:aesgcm_test	1336	static
test.c:9577:12:gmac_test	536	static
test.c:10742:12:_rng_test	56	static
test.c:10806:12:random_rng_test	40	static
test.c:10846:12:random_test	560	static
test.c:10970:12:simple_mem_test	32	static
test.c:10996:12:memory_test	16	static
test.c:11904:12:rsa_flatten_test	1072	static
test.c:11999:12:rsa_export_key_test	1624	static
test.c:12075:12:rsa_sig_test	696	static
test.c:12351:12:rsa_decode_test	240	static
test.c:12619:12:rsa_pss_test	160	static
test.c:13166:12:rsa_even_mod_test	72	static
test.c:13934:12:rsa_test	152	static
test.c:15083:12:dh_fips_generate_test	568	static
test.c:15304:12:dh_generate_test	2384	static
test.c:15384:12:dh_test_check_pubvalue	208	static
test.c:15451:12:dh_ffdhe_test	128	static
test.c:15611:12:dh_test	160	static
test.c:19012:12:hkdf_test	320	static
test.c:19297:12:ecc_test_vector_item	96	static
test.c:19401:12:ecc_test_vector	72	static
test.c:19830:12:ecc_test_make_pub	88	static
test.c:20096:12:ecc_test_key_decode	48	static
test.c:20177:12:ecc_test_key_gen	56	static
test.c:20274:12:ecc_test_curve_size	120	static
test.c:20693:12:ecc_test_curve	32	static
test.c:20754:12:ecc_point_test	232	static
test.c:20995:12:ecc_sig_test	200	static
test.c:21048:12:ecc_exp_imp_test	376	static
test.c:21179:12:ecc_mulmod_test	56	static
test.c:21243:12:ecc_ssh_test	152	static
test.c:21291:12:ecc_def_curve_test	32	static
test.c:21914:12:ecc_test_allocator	24	static
test.c:22375:12:ecc_test	32	static
test.c:22739:12:ecc_test_buffers	624	static
test.c:32963:12:logging_test	8	static
test.c:33024:12:mutex_test	16	static
test.c:33072:14:my_Malloc_cb	16	static
test.c:33083:13:my_Free_cb	16	static
test.c:33093:14:my_Realloc_cb	16	static
test.c:33107:12:memcb_test	40	static
