misc.c:318:32:min	16	static
misc.c:337:26:c32to24	16	static
ssl.c:368:14:wolfSSL_CTX_new_ex	40	static
ssl.c:430:14:wolfSSL_CTX_new	16	static
ssl.c:450:6:wolfSSL_CTX_free	16	static
ssl.c:482:5:wolfSSL_CTX_AllowEncryptThenMac	16	static
ssl.c:496:5:wolfSSL_AllowEncryptThenMac	16	static
ssl.c:506:5:wolfSSL_CTX_new_rng	32	static
ssl.c:537:10:wolfSSL_new	24	static
ssl.c:561:6:wolfSSL_free	16	static
ssl.c:570:5:wolfSSL_is_server	16	static
ssl.c:739:5:wolfSSL_use_old_poly	16	static
ssl.c:757:5:wolfSSL_set_fd	24	static
ssl.c:776:5:wolfSSL_set_read_fd	16	static
ssl.c:799:5:wolfSSL_set_write_fd	16	static
ssl.c:825:7:wolfSSL_get_cipher_list	24	static
ssl.c:840:7:wolfSSL_get_cipher_list_ex	24	static
ssl.c:864:5:wolfSSL_get_ciphers	32	static
ssl.c:897:5:wolfSSL_get_ciphers_iana	32	static
ssl.c:932:13:wolfSSL_get_shared_ciphers	40	static
ssl.c:945:5:wolfSSL_get_fd	24	static
ssl.c:957:5:wolfSSL_dtls	24	static
ssl.c:974:5:wolfSSL_CTX_mutual_auth	16	static
ssl.c:994:5:wolfSSL_mutual_auth	16	static
ssl.c:1008:5:wolfSSL_dtls_set_peer	24	static
ssl.c:1036:5:wolfSSL_dtls_get_peer	24	static
ssl.c:1389:5:wolfSSL_negotiate	24	static
ssl.c:1425:9:wolfSSL_GetRNG	16	static
ssl.c:1437:5:wolfSSL_GetObjectSize	4	static
ssl.c:1494:5:wolfSSL_CTX_GetObjectSize	4	static
ssl.c:1499:5:wolfSSL_METHOD_GetObjectSize	4	static
ssl.c:1626:5:wolfSSL_GetMaxOutputSize	16	static
ssl.c:1643:5:wolfSSL_GetOutputSize	48	static
ssl.c:1663:5:wolfSSL_CTX_SetMinEccKey_Sz	16	static
ssl.c:1678:5:wolfSSL_SetMinEccKey_Sz	16	static
ssl.c:1692:5:wolfSSL_CTX_SetMinRsaKey_Sz	16	static
ssl.c:1705:5:wolfSSL_SetMinRsaKey_Sz	16	static
ssl.c:1719:5:wolfSSL_SetTmpDH	104	static
ssl.c:1806:5:wolfSSL_SetEnableDhKeyTest	16	static
ssl.c:1825:5:wolfSSL_CTX_SetTmpDH	2440	static
ssl.c:1890:5:wolfSSL_CTX_SetMinDhKey_Sz	16	static
ssl.c:1900:5:wolfSSL_SetMinDhKey_Sz	16	static
ssl.c:1910:5:wolfSSL_CTX_SetMaxDhKey_Sz	16	static
ssl.c:1920:5:wolfSSL_SetMaxDhKey_Sz	16	static
ssl.c:1930:5:wolfSSL_GetDhKey_Sz	16	static
ssl.c:1942:5:wolfSSL_write	32	static
ssl.c:2009:12:wolfSSL_read_internal	32	static
ssl.c:2072:5:wolfSSL_peek	24	static
ssl.c:2081:5:wolfSSL_read	24	static
ssl.c:2117:5:wolfSSL_SetDevId	16	static
ssl.c:2128:5:wolfSSL_CTX_SetDevId	16	static
ssl.c:2140:5:wolfSSL_CTX_GetDevId	24	static
ssl.c:2149:7:wolfSSL_CTX_GetHeap	24	static
ssl.c:2380:5:wolfSSL_UseSupportedCurve	16	static
ssl.c:2420:5:wolfSSL_CTX_UseSupportedCurve	16	static
ssl.c:2905:5:wolfSSL_CTX_DisableExtendedMasterSecret	16	static
ssl.c:2916:5:wolfSSL_DisableExtendedMasterSecret	16	static
ssl.c:2932:5:wolfSSL_send	32	static
ssl.c:2954:5:wolfSSL_recv	32	static
ssl.c:2979:5:wolfSSL_shutdown	24	static
ssl.c:3051:5:wolfSSL_state	16	static
ssl.c:3062:5:wolfSSL_get_error	16	static
ssl.c:3085:5:wolfSSL_get_alert_history	16	static
ssl.c:3109:5:wolfSSL_want_read	16	static
ssl.c:3120:5:wolfSSL_want_write	16	static
ssl.c:3130:7:wolfSSL_ERR_error_string	16	static
ssl.c:3144:6:wolfSSL_ERR_error_string_n	104	static
ssl.c:3163:6:wolfSSL_KeepArrays	16	static
ssl.c:3171:6:wolfSSL_FreeArrays	16	static
ssl.c:3185:5:wolfSSL_KeepHandshakeResources	16	static
ssl.c:3200:5:wolfSSL_FreeHandshakeResources	16	static
ssl.c:3215:5:wolfSSL_CTX_UseClientSuites	16	static
ssl.c:3230:5:wolfSSL_UseClientSuites	16	static
ssl.c:3291:13:wolfSSL_GetMacSecret	16	static
ssl.c:3571:23:wolfSSL_CTX_GetCertManager	24	static
ssl.c:3579:23:wolfSSL_CertManagerNew_ex	24	static
ssl.c:3624:23:wolfSSL_CertManagerNew	8	static
ssl.c:3630:6:wolfSSL_CertManagerFree	24	static
ssl.c:3673:5:wolfSSL_CertManager_up_ref	16	static
ssl.c:3885:5:wolfSSL_CertManagerUnloadCAs	16	static
ssl.c:3952:5:wolfSSL_pending	16	static
ssl.c:3961:5:wolfSSL_CTX_set_group_messages	16	static
ssl.c:3975:5:wolfSSL_connect_cert	24	static
ssl.c:3993:5:wolfSSL_set_group_messages	16	static
ssl.c:4005:12:SetMinVersionHelper	16	static
ssl.c:4053:5:wolfSSL_CTX_SetMinVersion	16	static
ssl.c:4067:5:wolfSSL_SetMinVersion	16	static
ssl.c:4081:5:wolfSSL_GetVersion	16	static
ssl.c:4106:5:wolfSSL_SetVersion	80	static
ssl.c:4179:25:MakeWordFromHash	16	static
ssl.c:4191:25:HashSigner	16	static
ssl.c:4198:5:AlreadySigner	32	static
ssl.c:4342:9:GetCA	40	static
ssl.c:4379:9:GetCAByName	32	static
ssl.c:4542:5:AddCA	56	static
ssl.c:4836:5:wolfSSL_Init	8	static
ssl.c:4890:12:ProcessUserChain	104	static
ssl.c:5043:12:ProcessBufferTryDecode	56	static
ssl.c:5288:5:ProcessBuffer	160	static
ssl.c:5861:12:ProcessChainBuffer	64	static
ssl.c:5918:34:cm_pick_method	8	static
ssl.c:5955:5:wolfSSL_CertManagerLoadCABuffer	32	static
ssl.c:6045:5:wolfSSL_CertManagerEnableCRL	24	static
ssl.c:6085:5:wolfSSL_CertManagerDisableCRL	16	static
ssl.c:6097:6:wolfSSL_CertManagerSetVerify	16	static
ssl.c:6109:5:CM_VerifyBuffer_ex	80	static
ssl.c:6209:5:wolfSSL_CertManagerVerifyBuffer	32	static
ssl.c:6217:5:wolfSSL_CertManagerEnableOCSP	24	static
ssl.c:6263:5:wolfSSL_CertManagerDisableOCSP	16	static
ssl.c:6275:5:wolfSSL_CertManagerEnableOCSPStapling	24	static
ssl.c:6315:5:wolfSSL_CertManagerDisableOCSPStapling	24	static
ssl.c:6334:5:wolfSSL_CertManagerEnableOCSPMustStaple	24	static
ssl.c:6356:5:wolfSSL_CertManagerDisableOCSPMustStaple	24	static
ssl.c:7201:6:wolfSSL_CTX_set_verify_depth	16	static
ssl.c:7214:6:wolfSSL_get_verify_depth	16	static
ssl.c:7228:6:wolfSSL_CTX_get_verify_depth	16	static
ssl.c:7361:5:wolfSSL_CTX_check_private_key	40	static
ssl.c:10385:5:wolfSSL_use_certificate_ASN1	56	static
ssl.c:10481:5:wolfSSL_CTX_SetTmpEC_DHE_Sz	16	static
ssl.c:10511:5:wolfSSL_SetTmpEC_DHE_Sz	16	static
ssl.c:10616:6:wolfSSL_CTX_set_verify	24	static
ssl.c:10658:6:wolfSSL_set_verify	24	static
ssl.c:10685:6:wolfSSL_set_verify_result	16	static
ssl.c:10729:6:wolfSSL_SetCertCbCtx	16	static
ssl.c:10738:6:wolfSSL_CTX_SetCACb	16	static
ssl.c:11159:6:wolfSSL_load_error_strings	4	static
ssl.c:11163:5:wolfSSL_library_init	8	static
ssl.c:11781:5:wolfSSL_CTX_set_cipher_list	16	static
ssl.c:11807:5:wolfSSL_set_cipher_list	16	static
ssl.c:11830:5:wolfSSL_dtls_get_using_nonblock	24	static
ssl.c:11853:6:wolfSSL_dtls_set_using_nonblock	16	static
ssl.c:12127:21:wolfSSLv23_client_method	8	static
ssl.c:12131:21:wolfSSLv23_client_method_ex	24	static
ssl.c:12164:26:IsDtlsNotSctpMode	24	static
ssl.c:12181:9:wolfSSL_connect	24	static
ssl.c:12522:21:wolfSSLv23_server_method	8	static
ssl.c:12527:21:wolfSSLv23_server_method_ex	24	static
ssl.c:12560:9:wolfSSL_accept	32	static
ssl.c:12893:5:wolfSSL_SetHsDoneCb	24	static
ssl.c:12910:5:wolfSSL_Cleanup	16	static
ssl.c:13919:18:GetSession	24	static
ssl.c:13935:5:wolfSSL_check_domain_name	24	static
ssl.c:13967:5:wolfSSL_set_compression	16	static
ssl.c:14381:9:wolfSSL_CTX_load_verify_buffer_ex	56	static
ssl.c:14406:9:wolfSSL_CTX_load_verify_buffer	32	static
ssl.c:14414:9:wolfSSL_CTX_load_verify_chain_buffer_format	32	static
ssl.c:14445:9:wolfSSL_CTX_use_certificate_buffer	56	static
ssl.c:14458:9:wolfSSL_CTX_use_PrivateKey_buffer	56	static
ssl.c:14526:9:wolfSSL_CTX_use_certificate_chain_buffer_format	48	static
ssl.c:14534:9:wolfSSL_CTX_use_certificate_chain_buffer	24	static
ssl.c:14545:16:wolfSSL_SetTmpDH_buffer_wrapper	80	static
ssl.c:14625:9:wolfSSL_SetTmpDH_buffer	32	static
ssl.c:14636:9:wolfSSL_CTX_SetTmpDH_buffer	32	static
ssl.c:14645:9:wolfSSL_use_certificate_buffer	48	static
ssl.c:14657:9:wolfSSL_use_PrivateKey_buffer	48	static
ssl.c:14727:9:wolfSSL_use_certificate_chain_buffer_format	48	static
ssl.c:14738:9:wolfSSL_use_certificate_chain_buffer	24	static
ssl.c:14748:9:wolfSSL_UnloadCertsKeys	16	static
ssl.c:14784:9:wolfSSL_CTX_UnloadCAs	16	static
ssl.c:15414:9:wolfSSL_is_init_finished	16	static
ssl.c:15461:10:wolfSSL_CTX_set_options	16	static
ssl.c:21154:5:wolfSSL_get_shutdown	24	static
ssl.c:21170:5:wolfSSL_session_reused	24	static
ssl.c:21331:20:wolfSSL_internal_get_version	16	static
ssl.c:21371:13:wolfSSL_get_version	16	static
ssl.c:21383:13:wolfSSL_lib_version	4	static
ssl.c:21397:8:wolfSSL_lib_version_hex	4	static
ssl.c:21403:5:wolfSSL_get_current_cipher_suite	16	static
ssl.c:21411:17:wolfSSL_get_current_cipher	16	static
ssl.c:21424:13:wolfSSL_CIPHER_get_name	16	static
ssl.c:21441:14:wolfSSL_CIPHER_get_version	16	static
ssl.c:21452:13:wolfSSL_SESSION_CIPHER_get_name	16	static
ssl.c:21470:13:wolfSSL_get_cipher	16	static
ssl.c:21477:13:wolfSSL_get_cipher_name	16	static
ssl.c:21483:13:wolfSSL_get_cipher_name_from_suite	16	static
ssl.c:21489:13:wolfSSL_get_cipher_name_iana_from_suite	16	static
ssl.c:21495:5:wolfSSL_get_cipher_suite_from_name	24	static
ssl.c:21538:8:wolfSSL_CIPHER_get_id	24	static
ssl.c:21552:23:wolfSSL_get_cipher_by_value	24	static
ssl.c:21861:20:wolfssl_ffdhe_name	24	static
ssl.c:21889:13:wolfSSL_get_curve_name	24	static
ssl.c:27060:13:wolf_set_options	16	static
ssl.c:45445:14:wolfSSL_get_SSL_CTX	16	static
ssl.c:46645:5:wolfSSL_X509_check_host	928	static
ssl.c:46682:5:wolfSSL_X509_check_ip_asc	920	static
