wifi.c:33:15:WIFI_Init	24	static
wifi.c:58:15:WIFI_ListAccessPoints	464	static
wifi.c:94:15:WIFI_Connect	32	static
wifi.c:115:15:WIFI_GetMAC_Address	24	static
wifi.c:130:15:WIFI_GetIP_Address	24	static
wifi.c:147:15:WIFI_Disconnect	16	static
wifi.c:168:15:WIFI_ConfigureAP	96	static
wifi.c:191:15:WIFI_HandleAPEvents	24	static
wifi.c:228:15:WIFI_Ping	40	static
wifi.c:245:15:WIFI_GetHostAddress	24	static
wifi.c:265:15:WIFI_OpenClientConnection	48	static
wifi.c:289:15:WIFI_CloseClientConnection	40	static
wifi.c:309:15:WIFI_StartServer	48	static
wifi.c:329:15:WIFI_WaitServerConnection	48	static
wifi.c:365:15:WIFI_CloseServerConnection	24	static
wifi.c:380:15:WIFI_StopServer	24	static
wifi.c:399:15:WIFI_SendData	40	static
wifi.c:421:15:WIFI_SendDataTo	48	static
wifi.c:441:15:WIFI_ReceiveData	40	static
wifi.c:462:15:WIFI_ReceiveDataFrom	48	static
wifi.c:479:15:WIFI_SetOEMProperties	24	static
wifi.c:497:15:WIFI_ResetModule	16	static
wifi.c:512:15:WIFI_SetModuleDefault	16	static
wifi.c:529:15:WIFI_ModuleFirmwareUpdate	16	static
wifi.c:539:15:WIFI_GetModuleFwRevision	24	static
wifi.c:556:15:WIFI_GetModuleID	24	static
wifi.c:573:15:WIFI_GetModuleName	24	static
