misc.c:345:26:c16toa	16	static
misc.c:352:26:c32toa	16	static
misc.c:376:26:ato16	16	static
misc.c:397:26:ctMaskGT	16	static
misc.c:415:26:ctMaskLT	16	static
misc.c:427:26:ctMaskEq	24	static
misc.c:469:26:ctMaskSel	16	static
misc.c:482:26:ctSetLTE	16	static
tls.c:160:5:BuildTlsHandshakeHash	32	static
tls.c:199:5:BuildTlsFinished	112	static
tls.c:278:17:MakeTLSv1_2	16	static
tls.c:294:17:MakeTLSv1_3	16	static
tls.c:313:12:_DeriveTlsKeys	128	static
tls.c:362:5:wolfSSL_DeriveTlsKeys	48	static
tls.c:372:5:DeriveTlsKeys	72	static
tls.c:415:12:_MakeTlsMasterSecret	128	static
tls.c:459:5:wolfSSL_MakeTlsMasterSecret	48	static
tls.c:471:12:_MakeTlsExtendedMasterSecret	64	static
tls.c:502:5:wolfSSL_MakeTlsExtendedMasterSecret	48	static
tls.c:514:5:MakeTlsMasterSecret	80	static
tls.c:632:5:wolfSSL_make_eap_keys	80	static
tls.c:679:5:wolfSSL_GetHmacType	16	static
tls.c:724:5:wolfSSL_SetTlsHmacInner	24	static
tls.c:753:12:Hmac_HashUpdate	32	static
tls.c:792:12:Hmac_HashFinalRaw	24	static
tls.c:831:12:Hmac_OuterHash	144	static
tls.c:866:12:Hmac_UpdateFinal_CT	184	static
tls.c:1138:5:TLS_hmac	352	static
tls.c:1273:25:TLSX_ToSemaphore	16	static
tls.c:1309:14:TLSX_New	32	static
tls.c:1329:12:TLSX_Push	32	static
tls.c:1366:12:TLSX_Prepend	40	static
tls.c:1401:5:TLSX_CheckUnsupportedExtension	24	static
tls.c:1413:5:TLSX_HandleUnsupportedExtension	16	static
tls.c:1429:6:TLSX_SetResponse	24	static
tls.c:3736:12:TLSX_SupportedCurve_New	24	static
tls.c:3755:12:TLSX_PointFormat_New	24	static
tls.c:3773:13:TLSX_SupportedCurve_FreeAll	24	static
tls.c:3784:13:TLSX_PointFormat_FreeAll	24	static
tls.c:3795:12:TLSX_SupportedCurve_Append	32	static
tls.c:3817:12:TLSX_PointFormat_Append	32	static
tls.c:3840:13:TLSX_SupportedCurve_ValidateRequest	32	static
tls.c:3865:13:TLSX_PointFormat_ValidateRequest	24	static
tls.c:3891:13:TLSX_PointFormat_ValidateResponse	16	static
tls.c:3923:15:TLSX_SupportedCurve_GetSize	24	static
tls.c:3938:15:TLSX_PointFormat_GetSize	24	static
tls.c:3953:15:TLSX_SupportedCurve_Write	24	static
tls.c:3970:15:TLSX_PointFormat_Write	24	static
tls.c:3987:12:TLSX_SupportedCurve_Parse	40	static
tls.c:4061:5:TLSX_SupportedCurve_CheckPriority	40	static
tls.c:4118:5:TLSX_SupportedFFDHE_Set	64	static
tls.c:4242:5:TLSX_SupportedCurve_Preferred	24	static
tls.c:4265:12:TLSX_PointFormat_Parse	32	static
tls.c:4288:5:TLSX_ValidateSupportedCurves	72	static
tls.c:4659:5:TLSX_UseSupportedCurve	40	static
tls.c:4691:5:TLSX_UsePointFormat	40	static
tls.c:5765:12:TLSX_EncryptThenMac_GetSize	16	static
tls.c:5788:12:TLSX_EncryptThenMac_Write	24	static
tls.c:5816:12:TLSX_EncryptThenMac_Parse	32	static
tls.c:5859:12:TLSX_EncryptThenMac_Use	24	static
tls.c:5902:12:TLSX_SupportedVersions_GetSize	32	static
tls.c:5954:12:TLSX_SupportedVersions_Write	40	static
tls.c:6038:12:TLSX_SupportedVersions_Parse	56	static
tls.c:6176:12:TLSX_SetSupportedVersions	24	static
tls.c:6374:15:TLSX_SignatureAlgorithms_GetSize	24	static
tls.c:6391:12:TLSX_SignatureAlgorithms_MapPss	32	static
tls.c:6420:15:TLSX_SignatureAlgorithms_Write	24	static
tls.c:6441:12:TLSX_SignatureAlgorithms_Parse	32	static
tls.c:6482:12:TLSX_SetSignatureAlgorithms	24	static
tls.c:6505:15:TLSX_SignatureAlgorithmsCert_GetSize	24	static
tls.c:6518:15:TLSX_SignatureAlgorithmsCert_Write	24	static
tls.c:6536:12:TLSX_SignatureAlgorithmsCert_Parse	32	static
tls.c:6573:12:TLSX_SetSignatureAlgorithmsCert	24	static
tls.c:6601:12:TLSX_KeyShare_GenDhKey	72	static
tls.c:6761:12:TLSX_KeyShare_GenX25519Key	24	static
tls.c:6835:12:TLSX_KeyShare_GenX448Key	24	static
tls.c:6909:12:TLSX_KeyShare_GenEccKey	56	static
tls.c:7042:12:TLSX_KeyShare_GenKey	16	static
tls.c:7059:13:TLSX_KeyShare_FreeAll	40	static
tls.c:7098:15:TLSX_KeyShare_GetSize	24	static
tls.c:7131:15:TLSX_KeyShare_Write	32	static
tls.c:7174:12:TLSX_KeyShare_ProcessDh	88	static
tls.c:7305:12:TLSX_KeyShare_ProcessX25519	24	static
tls.c:7382:12:TLSX_KeyShare_ProcessX448	24	static
tls.c:7458:12:TLSX_KeyShare_ProcessEcc	40	static
tls.c:7576:12:TLSX_KeyShare_Process	24	static
tls.c:7610:12:TLSX_KeyShareEntry_Parse	56	static
tls.c:7655:12:TLSX_KeyShare_Find	24	static
tls.c:7684:12:TLSX_SupportedGroups_Find	24	static
tls.c:7720:12:TLSX_KeyShare_Parse	56	static
tls.c:7831:12:TLSX_KeyShare_New	32	static
tls.c:7868:5:TLSX_KeyShare_Use	40	static
tls.c:7930:5:TLSX_KeyShare_Empty	24	static
tls.c:7954:12:TLSX_KeyShare_IsSupported	16	static
tls.c:8018:12:TLSX_KeyShare_GroupRank	24	static
tls.c:8083:12:TLSX_KeyShare_SetSupported	48	static
tls.c:8143:5:TLSX_KeyShare_Establish	48	static
tls.c:8241:5:TLSX_KeyShare_DeriveSecret	32	static
tls.c:9152:7:TLSX_Find	24	static
tls.c:9163:6:TLSX_Remove	32	static
tls.c:9181:6:TLSX_FreeAll	24	static
tls.c:9296:5:TLSX_SupportExtensions	16	static
tls.c:9301:12:TLSX_GetSize	48	static
tls.c:9452:12:TLSX_Write	48	static
tls.c:9838:12:TLSX_PopulateSupportedGroups	24	static
tls.c:10028:5:TLSX_PopulateExtensions	40	static
tls.c:10350:5:TLSX_GetRequestSize	48	static
tls.c:10441:5:TLSX_WriteRequest	56	static
tls.c:10563:5:TLSX_GetResponseSize	48	static
tls.c:10698:5:TLSX_WriteResponse	56	static
tls.c:10843:5:TLSX_ParseVersion	40	static
tls.c:10887:5:TLSX_Parse	48	static
tls.c:11356:21:wolfTLS_client_method	8	static
tls.c:11360:21:wolfTLS_client_method_ex	24	static
tls.c:11424:21:wolfTLSv1_2_client_method	8	static
tls.c:11428:21:wolfTLSv1_2_client_method_ex	24	static
tls.c:11447:21:wolfTLSv1_3_client_method	8	static
tls.c:11457:21:wolfTLSv1_3_client_method_ex	24	static
tls.c:11708:21:wolfTLS_server_method	8	static
tls.c:11713:21:wolfTLS_server_method_ex	24	static
tls.c:11782:21:wolfTLSv1_2_server_method	8	static
tls.c:11786:21:wolfTLSv1_2_server_method_ex	24	static
tls.c:11807:21:wolfTLSv1_3_server_method	8	static
tls.c:11817:21:wolfTLSv1_3_server_method_ex	24	static
