es_wifi_io.c:73:6:SPI_WIFI_MspInit	56	static
es_wifi_io.c:145:8:SPI_WIFI_Init	24	static
es_wifi_io.c:202:8:SPI_WIFI_ResetModule	24	static
es_wifi_io.c:238:8:SPI_WIFI_DeInit	8	static
es_wifi_io.c:261:5:wait_cmddata_rdy_high	24	static
es_wifi_io.c:276:5:wait_cmddata_rdy_rising_event	24	static
es_wifi_io.c:293:5:wait_spi_rx_event	24	static
es_wifi_io.c:310:5:wait_spi_tx_event	24	static
es_wifi_io.c:329:9:SPI_WIFI_ReceiveData	32	static
es_wifi_io.c:388:9:SPI_WIFI_SendData	32	static
es_wifi_io.c:437:6:SPI_WIFI_Delay	16	static
es_wifi_io.c:447:6:SPI_WIFI_DelayUs	32	static
es_wifi_io.c:479:6:HAL_SPI_RxCpltCallback	16	static
es_wifi_io.c:494:6:HAL_SPI_TxCpltCallback	16	static
es_wifi_io.c:509:9:SPI_WIFI_ISR	4	static
